2025-06-27 13:39:04,321 - main - INFO - Starting PJSIP Configuration API...
2025-06-27 13:39:04,323 - apps.endpoints.pjsip_manager.api - ERROR - Failed to initialize PJSIP managers: [Errno 13] Permission denied: '/etc/asterisk'
2025-06-27 13:39:04,323 - main - ERROR - Failed to start application: [Errno 13] Permission denied: '/etc/asterisk'
2025-06-27 13:39:04,668 - main - INFO - Starting PJSIP Configuration API...
2025-06-27 13:39:04,669 - apps.endpoints.pjsip_manager.api - ERROR - Failed to initialize PJSIP managers: [Errno 13] Permission denied: '/etc/asterisk'
2025-06-27 13:39:04,669 - main - ERROR - Failed to start application: [Errno 13] Permission denied: '/etc/asterisk'
2025-06-27 13:39:08,178 - main - INFO - Starting PJSIP Configuration API...
2025-06-27 13:39:08,180 - apps.endpoints.pjsip_manager.api - ERROR - Failed to initialize PJSIP managers: [Errno 13] Permission denied: '/etc/asterisk'
2025-06-27 13:39:08,180 - main - ERROR - Failed to start application: [Errno 13] Permission denied: '/etc/asterisk'
2025-06-27 13:39:24,700 - main - INFO - Starting PJSIP Configuration API...
2025-06-27 13:39:24,702 - apps.endpoints.pjsip_manager.api - ERROR - Failed to initialize PJSIP managers: [Errno 13] Permission denied: '/etc/asterisk'
2025-06-27 13:39:24,702 - main - ERROR - Failed to start application: [Errno 13] Permission denied: '/etc/asterisk'
2025-06-27 13:39:27,109 - main - INFO - Starting PJSIP Configuration API...
2025-06-27 13:39:27,111 - apps.endpoints.pjsip_manager.api - ERROR - Failed to initialize PJSIP managers: [Errno 13] Permission denied: '/etc/asterisk'
2025-06-27 13:39:27,111 - main - ERROR - Failed to start application: [Errno 13] Permission denied: '/etc/asterisk'
2025-06-27 13:40:37,961 - main - INFO - Starting PJSIP Configuration API...
2025-06-27 13:40:37,962 - apps.endpoints.pjsip_manager.api - ERROR - Failed to initialize PJSIP managers: [Errno 13] Permission denied: '/etc/asterisk'
2025-06-27 13:40:37,962 - main - ERROR - Failed to start application: [Errno 13] Permission denied: '/etc/asterisk'
2025-06-27 13:40:41,063 - main - INFO - Starting PJSIP Configuration API...
2025-06-27 13:40:41,069 - apps.endpoints.pjsip_manager.api - ERROR - Failed to initialize PJSIP managers: [Errno 13] Permission denied: '/etc/asterisk'
2025-06-27 13:40:41,069 - main - ERROR - Failed to start application: [Errno 13] Permission denied: '/etc/asterisk'
2025-06-27 13:41:30,523 - main - INFO - Starting PJSIP Configuration API...
2025-06-27 13:41:30,524 - apps.endpoints.pjsip_manager.api - ERROR - Failed to initialize PJSIP managers: [Errno 13] Permission denied: '/etc/asterisk'
2025-06-27 13:41:30,524 - main - ERROR - Failed to start application: [Errno 13] Permission denied: '/etc/asterisk'
2025-06-27 13:41:34,212 - main - INFO - Starting PJSIP Configuration API...
2025-06-27 13:41:34,213 - apps.endpoints.pjsip_manager.api - ERROR - Failed to initialize PJSIP managers: [Errno 13] Permission denied: '/etc/asterisk'
2025-06-27 13:41:34,213 - main - ERROR - Failed to start application: [Errno 13] Permission denied: '/etc/asterisk'
2025-06-27 13:41:43,817 - main - INFO - Starting PJSIP Configuration API...
2025-06-27 13:41:43,818 - apps.endpoints.pjsip_manager.api - INFO - PJSIP managers initialized successfully
2025-06-27 13:41:43,818 - main - INFO - PJSIP Configuration API started successfully
2025-06-27 13:41:46,648 - main - INFO - Shutting down PJSIP Configuration API...
2025-06-27 13:41:46,933 - main - INFO - Starting PJSIP Configuration API...
2025-06-27 13:41:46,935 - apps.endpoints.pjsip_manager.api - INFO - PJSIP managers initialized successfully
2025-06-27 13:41:46,935 - main - INFO - PJSIP Configuration API started successfully
2025-06-27 15:29:03,834 - apps.endpoints.pjsip_manager.config_manager.ConfigManager - INFO - Created backup: local_test/backups/pjsip_backup_20250627_152903.conf
2025-06-27 15:29:03,848 - apps.endpoints.pjsip_manager.config_manager.ConfigManager - INFO - Added include directive for john_doe
2025-06-27 15:29:03,848 - apps.endpoints.pjsip_manager.api - INFO - Created endpoint: john_doe
2025-06-27 16:05:26,470 - main - INFO - Shutting down PJSIP Configuration API...
2025-06-27 16:05:26,845 - main - INFO - Starting PJSIP Configuration API...
2025-06-27 16:05:26,847 - apps.endpoints.pjsip_manager.api - INFO - PJSIP managers initialized successfully
2025-06-27 16:05:26,847 - main - INFO - PJSIP Configuration API started successfully
2025-06-27 16:05:29,881 - main - INFO - Shutting down PJSIP Configuration API...
2025-06-27 16:05:30,190 - main - INFO - Starting PJSIP Configuration API...
2025-06-27 16:05:30,192 - apps.endpoints.pjsip_manager.api - INFO - PJSIP managers initialized successfully
2025-06-27 16:05:30,192 - main - INFO - PJSIP Configuration API started successfully
2025-06-27 16:05:41,406 - main - INFO - Shutting down PJSIP Configuration API...
2025-06-27 16:05:41,847 - main - INFO - Starting PJSIP Configuration API...
2025-06-27 16:05:41,849 - apps.endpoints.pjsip_manager.api - INFO - PJSIP managers initialized successfully
2025-06-27 16:05:41,851 - main - INFO - PJSIP Configuration API started successfully
2025-06-27 16:05:43,466 - main - INFO - Shutting down PJSIP Configuration API...
2025-06-27 16:05:43,764 - main - INFO - Starting PJSIP Configuration API...
2025-06-27 16:05:43,765 - apps.endpoints.pjsip_manager.api - INFO - PJSIP managers initialized successfully
2025-06-27 16:05:43,765 - main - INFO - PJSIP Configuration API started successfully
2025-06-27 16:05:59,223 - main - INFO - Shutting down PJSIP Configuration API...
2025-06-27 16:05:59,542 - main - INFO - Starting PJSIP Configuration API...
2025-06-27 16:05:59,543 - apps.endpoints.pjsip_manager.api - INFO - PJSIP managers initialized successfully
2025-06-27 16:05:59,544 - main - INFO - PJSIP Configuration API started successfully
2025-06-27 16:06:02,780 - main - INFO - Shutting down PJSIP Configuration API...
2025-06-27 16:06:03,076 - main - INFO - Starting PJSIP Configuration API...
2025-06-27 16:06:03,077 - apps.endpoints.pjsip_manager.api - INFO - PJSIP managers initialized successfully
2025-06-27 16:06:03,077 - main - INFO - PJSIP Configuration API started successfully
2025-06-27 16:06:23,691 - main - INFO - Shutting down PJSIP Configuration API...
2025-06-27 16:07:49,282 - main - INFO - Starting PJSIP Configuration API...
2025-06-27 16:07:49,284 - apps.endpoints.pjsip_manager.api - INFO - PJSIP managers initialized successfully
2025-06-27 16:07:49,284 - main - INFO - PJSIP Configuration API started successfully
2025-06-27 16:07:52,898 - apps.endpoints.pjsip_manager.config_manager.ConfigManager - INFO - Created backup: local_test/backups/pjsip_backup_20250627_160752.conf
2025-06-27 16:07:52,906 - apps.endpoints.pjsip_manager.api - INFO - Created endpoint: john_doe
2025-06-27 16:09:34,247 - apps.endpoints.pjsip_manager.config_manager.ConfigManager - INFO - Created backup: local_test/backups/pjsip_backup_20250627_160934.conf
2025-06-27 16:09:34,250 - apps.endpoints.pjsip_manager.api - INFO - Created endpoint: john_doe
2025-06-27 16:10:46,533 - apps.endpoints.pjsip_manager.config_manager.ConfigManager - INFO - Created backup: local_test/backups/pjsip_backup_20250627_161046.conf
2025-06-27 16:10:46,536 - apps.endpoints.pjsip_manager.api - INFO - Created endpoint: john_doe
2025-06-27 16:17:07,238 - apps.endpoints.pjsip_manager.config_manager.ConfigManager - INFO - Created backup: local_test/backups/pjsip_backup_20250627_161707.conf
2025-06-27 16:17:07,241 - apps.endpoints.pjsip_manager.config_manager.ConfigManager - INFO - Added include directive for 201
2025-06-27 16:17:07,241 - apps.endpoints.pjsip_manager.api - INFO - Created endpoint: 201
2025-06-27 18:33:55,816 - apps.endpoints.pjsip_manager.api - ERROR - Failed to list structured endpoints: 'ConfigManager' object has no attribute 'list_structured_endpoints_with_filters'
2025-06-27 18:36:02,464 - apps.endpoints.pjsip_manager.api - ERROR - Failed to list structured endpoints: 'ConfigManager' object has no attribute 'list_structured_endpoints_with_filters'
2025-06-27 18:44:30,902 - main - INFO - Shutting down PJSIP Configuration API...
2025-06-27 18:44:31,313 - main - INFO - Starting PJSIP Configuration API...
2025-06-27 18:44:31,315 - apps.endpoints.pjsip_manager.api - INFO - PJSIP managers initialized successfully
2025-06-27 18:44:31,315 - main - INFO - PJSIP Configuration API started successfully
2025-06-27 18:44:34,550 - main - INFO - Shutting down PJSIP Configuration API...
2025-06-27 18:44:34,852 - main - INFO - Starting PJSIP Configuration API...
2025-06-27 18:44:34,853 - apps.endpoints.pjsip_manager.api - INFO - PJSIP managers initialized successfully
2025-06-27 18:44:34,853 - main - INFO - PJSIP Configuration API started successfully
2025-06-27 19:06:37,916 - apps.endpoints.pjsip_manager.config_manager.ConfigManager - INFO - Created backup: local_test/backups/pjsip_backup_20250627_190637.conf
2025-06-27 19:06:37,929 - apps.endpoints.pjsip_manager.api - INFO - Updated endpoint: 201
2025-06-27 19:06:51,114 - apps.endpoints.pjsip_manager.config_manager.ConfigManager - INFO - Created backup: local_test/backups/pjsip_backup_20250627_190651.conf
2025-06-27 19:06:51,116 - apps.endpoints.pjsip_manager.api - INFO - Updated endpoint: 201
2025-06-27 19:09:28,952 - apps.endpoints.pjsip_manager.config_manager.ConfigManager - INFO - Created backup: local_test/backups/pjsip_backup_20250627_190928.conf
2025-06-27 19:09:28,954 - apps.endpoints.pjsip_manager.api - INFO - Updated endpoint: john_doe
2025-06-27 19:10:12,829 - apps.endpoints.pjsip_manager.config_manager.ConfigManager - INFO - Created backup: local_test/backups/pjsip_backup_20250627_191012.conf
2025-06-27 19:10:12,830 - apps.endpoints.pjsip_manager.api - INFO - Updated endpoint: john_doe
2025-06-27 19:20:52,520 - main - INFO - Shutting down PJSIP Configuration API...
2025-06-27 19:21:03,075 - main - INFO - Starting PJSIP Configuration API...
2025-06-27 19:21:03,077 - apps.endpoints.pjsip_manager.api - INFO - PJSIP managers initialized successfully
2025-06-27 19:21:03,078 - main - INFO - PJSIP Configuration API started successfully
2025-06-27 19:21:05,403 - main - INFO - Shutting down PJSIP Configuration API...
2025-06-27 19:21:05,706 - main - INFO - Starting PJSIP Configuration API...
2025-06-27 19:21:05,708 - apps.endpoints.pjsip_manager.api - INFO - PJSIP managers initialized successfully
2025-06-27 19:21:05,708 - main - INFO - PJSIP Configuration API started successfully
2025-06-27 19:21:10,861 - apps.endpoints.pjsip_manager.config_manager.ConfigManager - WARNING - Config file not found: local_test/includes/pjsip.d/202.conf
2025-06-27 19:21:10,864 - apps.endpoints.pjsip_manager.config_manager.ConfigManager - INFO - Created backup: local_test/backups/pjsip_backup_20250627_192110.conf
2025-06-27 19:21:10,877 - apps.endpoints.pjsip_manager.config_manager.ConfigManager - INFO - Added include directive for 202
2025-06-27 19:21:10,878 - apps.endpoints.pjsip_manager.config_manager.ConfigManager - INFO - Removed include directive for john_doe
2025-06-27 19:21:10,878 - apps.endpoints.pjsip_manager.config_manager.ConfigManager - INFO - Deleted configuration for endpoint john_doe
2025-06-27 19:21:10,878 - apps.endpoints.pjsip_manager.api - INFO - Deleted old endpoint 'john_doe' after changing ID to '202'
2025-06-27 19:21:10,878 - apps.endpoints.pjsip_manager.api - INFO - Updated endpoint: john_doe -> 202
2025-06-27 20:16:43,162 - apps.endpoints.pjsip_manager.config_manager.ConfigManager - WARNING - Config file not found: local_test/includes/pjsip.d/203.conf
2025-06-27 20:16:43,164 - apps.endpoints.pjsip_manager.config_manager.ConfigManager - INFO - Created backup: local_test/backups/pjsip_backup_20250627_201643.conf
2025-06-27 20:16:43,165 - apps.endpoints.pjsip_manager.template_manager.TemplateManager - ERROR - Template not found: endpoint-basic-tpl.j2
2025-06-27 20:16:43,165 - apps.endpoints.pjsip_manager.config_manager.ConfigManager - ERROR - Failed to generate endpoint section: Template not found: endpoint-basic-tpl.j2
2025-06-27 20:16:43,165 - apps.endpoints.pjsip_manager.config_manager.ConfigManager - ERROR - Failed to generate config for 203: Endpoint section generation failed: Template not found: endpoint-basic-tpl.j2
2025-06-27 20:17:07,020 - apps.endpoints.pjsip_manager.config_manager.ConfigManager - WARNING - Config file not found: local_test/includes/pjsip.d/203.conf
2025-06-27 20:17:07,022 - apps.endpoints.pjsip_manager.config_manager.ConfigManager - INFO - Created backup: local_test/backups/pjsip_backup_20250627_201707.conf
2025-06-27 20:17:07,024 - apps.endpoints.pjsip_manager.config_manager.ConfigManager - INFO - Added include directive for 203
2025-06-27 20:17:07,026 - apps.endpoints.pjsip_manager.config_manager.ConfigManager - INFO - Removed include directive for 202
2025-06-27 20:17:07,026 - apps.endpoints.pjsip_manager.config_manager.ConfigManager - INFO - Deleted configuration for endpoint 202
2025-06-27 20:17:07,026 - apps.endpoints.pjsip_manager.api - INFO - Deleted old endpoint '202' after changing ID to '203'
2025-06-27 20:17:07,026 - apps.endpoints.pjsip_manager.api - INFO - Updated endpoint: 202 -> 203
2025-06-27 20:17:43,273 - apps.endpoints.pjsip_manager.config_manager.ConfigManager - WARNING - Config file not found: local_test/includes/pjsip.d/202.conf
2025-06-27 20:17:48,203 - apps.endpoints.pjsip_manager.config_manager.ConfigManager - WARNING - Config file not found: local_test/includes/pjsip.d/204.conf
2025-06-27 20:17:48,206 - apps.endpoints.pjsip_manager.config_manager.ConfigManager - INFO - Created backup: local_test/backups/pjsip_backup_20250627_201748.conf
2025-06-27 20:17:48,208 - apps.endpoints.pjsip_manager.config_manager.ConfigManager - INFO - Added include directive for 204
2025-06-27 20:17:48,211 - apps.endpoints.pjsip_manager.config_manager.ConfigManager - INFO - Removed include directive for 203
2025-06-27 20:17:48,211 - apps.endpoints.pjsip_manager.config_manager.ConfigManager - INFO - Deleted configuration for endpoint 203
2025-06-27 20:17:48,211 - apps.endpoints.pjsip_manager.api - INFO - Deleted old endpoint '203' after changing ID to '204'
2025-06-27 20:17:48,211 - apps.endpoints.pjsip_manager.api - INFO - Updated endpoint: 203 -> 204
2025-06-27 20:18:49,803 - apps.endpoints.pjsip_manager.config_manager.ConfigManager - INFO - Created backup: local_test/backups/pjsip_backup_20250627_201849.conf
2025-06-27 20:18:49,806 - apps.endpoints.pjsip_manager.api - INFO - Updated endpoint: 204 -> 204
2025-06-27 20:19:20,294 - apps.endpoints.pjsip_manager.config_manager.ConfigManager - INFO - Created backup: local_test/backups/pjsip_backup_20250627_201920.conf
2025-06-27 20:19:20,297 - apps.endpoints.pjsip_manager.api - INFO - Created endpoint: 201
2025-06-27 20:20:17,829 - apps.endpoints.pjsip_manager.config_manager.ConfigManager - INFO - Created backup: local_test/backups/pjsip_backup_20250627_202017.conf
2025-06-27 20:20:17,831 - apps.endpoints.pjsip_manager.api - INFO - Created endpoint: 201
2025-06-27 20:21:31,249 - apps.endpoints.pjsip_manager.config_manager.ConfigManager - INFO - Created backup: local_test/backups/pjsip_backup_20250627_202131.conf
2025-06-27 20:21:31,251 - apps.endpoints.pjsip_manager.api - INFO - Updated endpoint: 204 -> 204
2025-06-27 20:22:02,618 - apps.endpoints.pjsip_manager.config_manager.ConfigManager - INFO - Created backup: local_test/backups/pjsip_backup_20250627_202202.conf
2025-06-27 20:22:02,620 - apps.endpoints.pjsip_manager.api - INFO - Updated endpoint: 204 -> 204
2025-06-27 20:22:16,555 - apps.endpoints.pjsip_manager.config_manager.ConfigManager - INFO - Created backup: local_test/backups/pjsip_backup_20250627_202216.conf
2025-06-27 20:22:16,558 - apps.endpoints.pjsip_manager.config_manager.ConfigManager - INFO - Added include directive for 205
2025-06-27 20:22:16,558 - apps.endpoints.pjsip_manager.api - INFO - Created endpoint: 205
2025-06-27 20:30:00,139 - apps.endpoints.pjsip_manager.config_manager.ConfigManager - INFO - Created backup: local_test/backups/pjsip_backup_20250627_203000.conf
2025-06-27 20:30:00,141 - apps.endpoints.pjsip_manager.api - INFO - Updated endpoint: 204 -> 204
2025-06-27 20:30:18,840 - apps.endpoints.pjsip_manager.config_manager.ConfigManager - INFO - Created backup: local_test/backups/pjsip_backup_20250627_203018.conf
2025-06-27 20:30:18,842 - apps.endpoints.pjsip_manager.api - INFO - Updated endpoint: 204 -> 204
2025-06-27 20:34:22,884 - main - INFO - Shutting down PJSIP Configuration API...
2025-06-27 20:34:38,042 - main - INFO - Starting PJSIP Configuration API...
2025-06-27 20:34:38,043 - apps.endpoints.pjsip_manager.api - INFO - PJSIP managers initialized successfully
2025-06-27 20:34:38,043 - main - INFO - PJSIP Configuration API started successfully
2025-06-27 20:37:00,595 - apps.endpoints.pjsip_manager.config_manager.ConfigManager - WARNING - Config file not found: local_test/includes/pjsip.d/202.conf
2025-06-27 20:37:00,596 - apps.endpoints.pjsip_manager.config_manager.ConfigManager - INFO - Created backup: local_test/backups/pjsip_backup_20250627_203700.conf
2025-06-27 20:37:00,610 - apps.endpoints.pjsip_manager.config_manager.ConfigManager - INFO - Added include directive for 202
2025-06-27 20:37:00,611 - apps.endpoints.pjsip_manager.config_manager.ConfigManager - INFO - Removed include directive for 205
2025-06-27 20:37:00,611 - apps.endpoints.pjsip_manager.config_manager.ConfigManager - INFO - Deleted configuration for endpoint 205
2025-06-27 20:37:00,611 - apps.endpoints.pjsip_manager.api - INFO - Deleted old endpoint '205' after changing ID to '202'
2025-06-27 20:37:00,611 - apps.endpoints.pjsip_manager.api - INFO - Updated endpoint: 205 -> 202
2025-06-27 20:37:06,151 - apps.endpoints.pjsip_manager.config_manager.ConfigManager - WARNING - Config file not found: local_test/includes/pjsip.d/205.conf
2025-06-27 20:41:04,285 - main - INFO - Shutting down PJSIP Configuration API...
2025-06-27 20:41:04,746 - main - INFO - Starting PJSIP Configuration API...
2025-06-27 20:41:04,748 - apps.endpoints.pjsip_manager.api - INFO - PJSIP managers initialized successfully
2025-06-27 20:41:04,748 - main - INFO - PJSIP Configuration API started successfully
2025-06-27 20:41:06,892 - apps.endpoints.pjsip_manager.config_manager.ConfigManager - INFO - Created backup: local_test/backups/pjsip_backup_20250627_204106.conf
2025-06-27 20:41:06,905 - apps.endpoints.pjsip_manager.api - INFO - Updated endpoint: 202 -> 202
2025-06-27 20:41:07,879 - main - INFO - Shutting down PJSIP Configuration API...
2025-06-27 20:41:08,189 - main - INFO - Starting PJSIP Configuration API...
2025-06-27 20:41:08,191 - apps.endpoints.pjsip_manager.api - INFO - PJSIP managers initialized successfully
2025-06-27 20:41:08,191 - main - INFO - PJSIP Configuration API started successfully
2025-06-27 20:43:13,597 - main - INFO - Shutting down PJSIP Configuration API...
2025-06-27 20:43:13,904 - main - INFO - Starting PJSIP Configuration API...
2025-06-27 20:43:13,906 - apps.endpoints.pjsip_manager.api - INFO - PJSIP managers initialized successfully
2025-06-27 20:43:13,906 - main - INFO - PJSIP Configuration API started successfully
2025-06-27 20:43:16,840 - main - INFO - Shutting down PJSIP Configuration API...
2025-06-27 20:43:17,134 - main - INFO - Starting PJSIP Configuration API...
2025-06-27 20:43:17,135 - apps.endpoints.pjsip_manager.api - INFO - PJSIP managers initialized successfully
2025-06-27 20:43:17,135 - main - INFO - PJSIP Configuration API started successfully
2025-06-27 20:56:12,155 - main - INFO - Shutting down PJSIP Configuration API...
2025-06-27 20:56:51,287 - main - INFO - Starting PJSIP Configuration API...
2025-06-27 20:56:51,289 - apps.endpoints.pjsip_manager.api - INFO - PJSIP managers initialized successfully
2025-06-27 20:56:51,289 - main - INFO - PJSIP Configuration API started successfully
2025-06-27 20:56:53,818 - main - INFO - Shutting down PJSIP Configuration API...
2025-06-27 20:56:54,115 - main - INFO - Starting PJSIP Configuration API...
2025-06-27 20:56:54,117 - apps.endpoints.pjsip_manager.api - INFO - PJSIP managers initialized successfully
2025-06-27 20:56:54,117 - main - INFO - PJSIP Configuration API started successfully
2025-06-27 21:02:11,931 - apps.endpoints.pjsip_manager.config_manager.ConfigManager - INFO - Created backup: local_test/backups/pjsip_backup_20250627_210211.conf
2025-06-27 21:02:11,945 - apps.endpoints.pjsip_manager.config_manager.ConfigManager - INFO - Added include directive for 200
2025-06-27 21:02:11,945 - apps.endpoints.pjsip_manager.api - INFO - Created endpoint: 200
2025-06-27 21:07:53,753 - apps.endpoints.pjsip_manager.config_manager.ConfigManager - INFO - Created backup: local_test/backups/pjsip_backup_20250627_210753.conf
2025-06-27 21:07:53,756 - apps.endpoints.pjsip_manager.api - INFO - Updated endpoint: 200 -> 200
2025-06-27 21:08:18,111 - apps.endpoints.pjsip_manager.config_manager.ConfigManager - INFO - Created backup: local_test/backups/pjsip_backup_20250627_210818.conf
2025-06-27 21:08:18,115 - apps.endpoints.pjsip_manager.api - INFO - Updated endpoint: 200 -> 200
2025-06-27 21:08:28,093 - apps.endpoints.pjsip_manager.config_manager.ConfigManager - INFO - Created backup: local_test/backups/pjsip_backup_20250627_210828.conf
2025-06-27 21:08:28,096 - apps.endpoints.pjsip_manager.api - INFO - Updated endpoint: 200 -> 200
2025-06-27 21:10:45,772 - apps.endpoints.pjsip_manager.config_manager.ConfigManager - INFO - Created backup: local_test/backups/pjsip_backup_20250627_211045.conf
2025-06-27 21:10:45,774 - apps.endpoints.pjsip_manager.api - INFO - Updated endpoint: 200 -> 200
2025-06-27 21:11:00,548 - apps.endpoints.pjsip_manager.config_manager.ConfigManager - INFO - Created backup: local_test/backups/pjsip_backup_20250627_211100.conf
2025-06-27 21:11:00,550 - apps.endpoints.pjsip_manager.api - INFO - Updated endpoint: 200 -> 200
2025-06-27 21:16:15,802 - apps.endpoints.pjsip_manager.config_manager.ConfigManager - INFO - Created backup: local_test/backups/pjsip_backup_20250627_211615.conf
2025-06-27 21:16:15,805 - apps.endpoints.pjsip_manager.api - INFO - Updated endpoint: 200 -> 200
2025-06-27 21:18:24,315 - apps.endpoints.pjsip_manager.config_manager.ConfigManager - INFO - Created backup: local_test/backups/pjsip_backup_20250627_211824.conf
2025-06-27 21:18:24,317 - apps.endpoints.pjsip_manager.api - INFO - Updated endpoint: 200 -> 200
2025-06-27 21:19:17,725 - main - INFO - Shutting down PJSIP Configuration API...
2025-06-27 21:19:22,920 - main - INFO - Starting PJSIP Configuration API...
2025-06-27 21:19:22,922 - apps.endpoints.pjsip_manager.api - INFO - PJSIP managers initialized successfully
2025-06-27 21:19:22,922 - main - INFO - PJSIP Configuration API started successfully
2025-06-27 21:19:24,907 - apps.endpoints.pjsip_manager.config_manager.ConfigManager - INFO - Created backup: local_test/backups/pjsip_backup_20250627_211924.conf
2025-06-27 21:19:24,920 - apps.endpoints.pjsip_manager.api - INFO - Updated endpoint: 200 -> 200
2025-06-27 21:20:29,208 - apps.endpoints.pjsip_manager.config_manager.ConfigManager - INFO - Created backup: local_test/backups/pjsip_backup_20250627_212029.conf
2025-06-27 21:20:29,210 - apps.endpoints.pjsip_manager.api - INFO - Updated endpoint: 200 -> 200
2025-06-27 21:21:02,626 - apps.endpoints.pjsip_manager.config_manager.ConfigManager - INFO - Created backup: local_test/backups/pjsip_backup_20250627_212102.conf
2025-06-27 21:21:02,628 - apps.endpoints.pjsip_manager.config_manager.ConfigManager - INFO - Added include directive for 199
2025-06-27 21:21:02,629 - apps.endpoints.pjsip_manager.api - INFO - Created endpoint: 199
2025-06-27 21:21:48,240 - apps.endpoints.pjsip_manager.config_manager.ConfigManager - INFO - Created backup: local_test/backups/pjsip_backup_20250627_212148.conf
2025-06-27 21:21:48,243 - apps.endpoints.pjsip_manager.config_manager.ConfigManager - INFO - Added include directive for 198
2025-06-27 21:21:48,244 - apps.endpoints.pjsip_manager.api - INFO - Created endpoint: 198
2025-06-27 21:23:32,790 - main - INFO - Shutting down PJSIP Configuration API...
2025-06-27 21:23:35,077 - main - INFO - Starting PJSIP Configuration API...
2025-06-27 21:23:35,079 - apps.endpoints.pjsip_manager.api - INFO - PJSIP managers initialized successfully
2025-06-27 21:23:35,079 - main - INFO - PJSIP Configuration API started successfully
2025-06-27 21:23:42,260 - apps.endpoints.pjsip_manager.config_manager.ConfigManager - INFO - Created backup: local_test/backups/pjsip_backup_20250627_212342.conf
2025-06-27 21:23:42,271 - apps.endpoints.pjsip_manager.api - INFO - Updated endpoint: 200 -> 200
2025-06-27 21:23:56,799 - apps.endpoints.pjsip_manager.config_manager.ConfigManager - INFO - Created backup: local_test/backups/pjsip_backup_20250627_212356.conf
2025-06-27 21:23:56,801 - apps.endpoints.pjsip_manager.api - INFO - Updated endpoint: 200 -> 200
2025-06-27 21:25:00,817 - apps.endpoints.pjsip_manager.config_manager.ConfigManager - INFO - Created backup: local_test/backups/pjsip_backup_20250627_212500.conf
2025-06-27 21:25:00,819 - apps.endpoints.pjsip_manager.api - INFO - Updated endpoint: 199 -> 199
2025-06-27 21:26:08,013 - apps.endpoints.pjsip_manager.config_manager.ConfigManager - WARNING - Config file not found: local_test/includes/pjsip.d/197.conf
2025-06-27 21:26:08,014 - apps.endpoints.pjsip_manager.config_manager.ConfigManager - INFO - Created backup: local_test/backups/pjsip_backup_20250627_212608.conf
2025-06-27 21:26:08,016 - apps.endpoints.pjsip_manager.config_manager.ConfigManager - INFO - Added include directive for 197
2025-06-27 21:26:08,018 - apps.endpoints.pjsip_manager.config_manager.ConfigManager - INFO - Removed include directive for 199
2025-06-27 21:26:08,018 - apps.endpoints.pjsip_manager.config_manager.ConfigManager - INFO - Deleted configuration for endpoint 199
2025-06-27 21:26:08,018 - apps.endpoints.pjsip_manager.api - INFO - Deleted old endpoint '199' after changing ID to '197'
2025-06-27 21:26:08,018 - apps.endpoints.pjsip_manager.api - INFO - Updated endpoint: 199 -> 197
2025-06-27 21:30:05,815 - apps.endpoints.pjsip_manager.config_manager.ConfigManager - INFO - Created backup: local_test/backups/pjsip_backup_20250627_213005.conf
2025-06-27 21:30:05,816 - apps.endpoints.pjsip_manager.config_manager.ConfigManager - INFO - Added include directive for 205
2025-06-27 21:30:05,817 - apps.endpoints.pjsip_manager.api - INFO - Created endpoint: 205
2025-06-27 21:30:54,841 - apps.endpoints.pjsip_manager.config_manager.ConfigManager - INFO - Created backup: local_test/backups/pjsip_backup_20250627_213054.conf
2025-06-27 21:30:54,843 - apps.endpoints.pjsip_manager.config_manager.ConfigManager - INFO - Added include directive for 206
2025-06-27 21:30:54,843 - apps.endpoints.pjsip_manager.api - INFO - Created endpoint: 206
2025-06-27 21:33:21,670 - main - INFO - Shutting down PJSIP Configuration API...
2025-06-27 21:34:55,687 - main - INFO - Starting PJSIP Configuration API...
2025-06-27 21:34:55,689 - apps.endpoints.pjsip_manager.api - INFO - PJSIP managers initialized successfully
2025-06-27 21:34:55,691 - main - INFO - PJSIP Configuration API started successfully
2025-06-27 21:35:36,023 - main - INFO - Shutting down PJSIP Configuration API...
2025-06-27 21:38:38,583 - main - INFO - Starting PJSIP Configuration API...
2025-06-27 21:38:38,588 - apps.endpoints.routes - INFO - PJSIP managers initialized successfully
2025-06-27 21:38:38,588 - main - INFO - PJSIP Configuration API started successfully
2025-06-27 21:38:41,116 - main - INFO - Shutting down PJSIP Configuration API...
2025-06-27 21:38:41,412 - main - INFO - Starting PJSIP Configuration API...
2025-06-27 21:38:41,413 - apps.endpoints.routes - INFO - PJSIP managers initialized successfully
2025-06-27 21:38:41,413 - main - INFO - PJSIP Configuration API started successfully
2025-06-27 21:39:51,826 - main - INFO - Shutting down PJSIP Configuration API...
2025-06-27 21:39:52,100 - main - INFO - Starting PJSIP Configuration API...
2025-06-27 21:39:52,102 - apps.endpoints.routes - INFO - PJSIP managers initialized successfully
2025-06-27 21:39:52,102 - main - INFO - PJSIP Configuration API started successfully
2025-06-27 21:40:58,167 - main - INFO - Shutting down PJSIP Configuration API...
2025-06-27 21:40:59,572 - main - INFO - Starting PJSIP Configuration API...
2025-06-27 21:40:59,573 - apps.endpoints.routes - INFO - PJSIP managers initialized successfully
2025-06-27 21:40:59,573 - main - INFO - PJSIP Configuration API started successfully
2025-06-27 21:42:43,642 - main - INFO - Shutting down PJSIP Configuration API...
2025-06-27 21:42:43,946 - main - INFO - Starting PJSIP Configuration API...
2025-06-27 21:42:43,948 - apps.endpoints.routes - INFO - PJSIP managers initialized successfully
2025-06-27 21:42:43,948 - main - INFO - PJSIP Configuration API started successfully
2025-06-27 21:42:46,980 - main - INFO - Shutting down PJSIP Configuration API...
2025-06-27 21:42:47,291 - main - INFO - Starting PJSIP Configuration API...
2025-06-27 21:42:47,293 - apps.endpoints.routes - INFO - PJSIP managers initialized successfully
2025-06-27 21:42:47,293 - main - INFO - PJSIP Configuration API started successfully
2025-06-27 21:44:07,514 - main - INFO - Shutting down PJSIP Configuration API...
2025-06-27 21:44:08,929 - main - INFO - Starting PJSIP Configuration API...
2025-06-27 21:44:08,930 - apps.endpoints.routes - INFO - PJSIP managers initialized successfully
2025-06-27 21:44:08,930 - main - INFO - PJSIP Configuration API started successfully
2025-06-27 21:44:24,692 - main - INFO - Shutting down PJSIP Configuration API...
2025-06-27 21:44:26,203 - main - INFO - Starting PJSIP Configuration API...
2025-06-27 21:44:26,204 - apps.endpoints.routes - INFO - PJSIP managers initialized successfully
2025-06-27 21:44:26,205 - main - INFO - PJSIP Configuration API started successfully
2025-06-27 21:47:09,990 - main - INFO - Shutting down PJSIP Configuration API...
2025-06-27 21:47:11,288 - main - INFO - Starting PJSIP Configuration API...
2025-06-27 21:47:11,289 - apps.endpoints.routes - INFO - PJSIP managers initialized successfully
2025-06-27 21:47:11,289 - main - INFO - PJSIP Configuration API started successfully
2025-06-27 21:47:59,277 - main - INFO - Shutting down PJSIP Configuration API...
2025-06-27 21:48:00,424 - main - INFO - Starting PJSIP Configuration API...
2025-06-27 21:48:00,425 - apps.endpoints.routes - INFO - PJSIP managers initialized successfully
2025-06-27 21:48:00,425 - main - INFO - PJSIP Configuration API started successfully
2025-06-27 21:48:19,520 - main - INFO - Shutting down PJSIP Configuration API...
2025-06-27 21:48:49,716 - main - INFO - Starting PJSIP Configuration API...
2025-06-27 21:48:49,717 - apps.endpoints.routes - INFO - PJSIP managers initialized successfully
2025-06-27 21:48:49,717 - main - INFO - PJSIP Configuration API started successfully
2025-06-27 21:53:38,657 - apps.endpoints.pjsip_manager.config_manager.ConfigManager - INFO - Created backup: local_test/backups/pjsip_backup_20250627_215338.conf
2025-06-27 21:53:38,666 - apps.endpoints.pjsip_manager.config_manager.ConfigManager - INFO - Added include directive for gamma-2345
2025-06-27 21:53:38,666 - apps.endpoints.routes - INFO - Created endpoint: gamma-2345
2025-06-27 22:10:25,414 - apps.endpoints.pjsip_manager.config_manager.ConfigManager - INFO - Created backup: local_test/backups/pjsip_backup_20250627_221025.conf
2025-06-27 22:10:25,423 - apps.endpoints.routes - INFO - Updated endpoint: gamma-2345 -> gamma-2345
2025-06-27 22:10:31,578 - apps.endpoints.pjsip_manager.config_manager.ConfigManager - INFO - Created backup: local_test/backups/pjsip_backup_20250627_221031.conf
2025-06-27 22:10:31,579 - apps.endpoints.routes - INFO - Updated endpoint: gamma-2345 -> gamma-2345
2025-06-27 22:24:41,004 - apps.endpoints.pjsip_manager.config_manager.ConfigManager - INFO - Created backup: local_test/backups/pjsip_backup_20250627_222441.conf
2025-06-27 22:24:41,006 - apps.endpoints.routes - INFO - Updated endpoint: gamma-2345 -> gamma-2345
2025-06-27 22:30:04,491 - apps.endpoints.pjsip_manager.config_manager.ConfigManager - INFO - Created backup: local_test/backups/pjsip_backup_20250627_223004.conf
2025-06-27 22:30:04,492 - apps.endpoints.routes - INFO - Updated endpoint: gamma-2345 -> gamma-2345
2025-06-27 22:33:56,617 - main - INFO - Shutting down PJSIP Configuration API...
2025-06-27 22:33:57,105 - main - INFO - Starting PJSIP Configuration API...
2025-06-27 22:33:57,107 - apps.endpoints.routes - INFO - PJSIP managers initialized successfully
2025-06-27 22:33:57,107 - main - INFO - PJSIP Configuration API started successfully
2025-06-27 22:34:00,239 - main - INFO - Shutting down PJSIP Configuration API...
2025-06-27 22:34:00,536 - main - INFO - Starting PJSIP Configuration API...
2025-06-27 22:34:00,538 - apps.endpoints.routes - INFO - PJSIP managers initialized successfully
2025-06-27 22:34:00,538 - main - INFO - PJSIP Configuration API started successfully
2025-06-27 22:34:26,569 - apps.endpoints.pjsip_manager.config_manager.ConfigManager - WARNING - Config file not found: local_test/includes/pjsip.d/trunks.conf
2025-06-27 22:36:01,076 - apps.endpoints.pjsip_manager.config_manager.ConfigManager - WARNING - Config file not found: local_test/includes/pjsip.d/endpoints.conf
2025-06-27 22:38:11,666 - main - INFO - Shutting down PJSIP Configuration API...
2025-06-27 22:38:11,986 - main - INFO - Starting PJSIP Configuration API...
2025-06-27 22:38:11,987 - apps.endpoints.routes - INFO - PJSIP managers initialized successfully
2025-06-27 22:38:11,988 - main - INFO - PJSIP Configuration API started successfully
2025-06-27 22:38:15,224 - main - INFO - Shutting down PJSIP Configuration API...
2025-06-27 22:38:15,526 - main - INFO - Starting PJSIP Configuration API...
2025-06-27 22:38:15,527 - apps.endpoints.routes - INFO - PJSIP managers initialized successfully
2025-06-27 22:38:15,527 - main - INFO - PJSIP Configuration API started successfully
2025-06-27 22:38:26,020 - apps.endpoints.pjsip_manager.config_manager.ConfigManager - WARNING - Config file not found: local_test/includes/pjsip.d/regular.conf
2025-06-27 22:41:02,231 - main - INFO - Shutting down PJSIP Configuration API...
2025-06-27 22:41:02,524 - main - INFO - Starting PJSIP Configuration API...
2025-06-27 22:41:02,525 - apps.endpoints.routes - INFO - PJSIP managers initialized successfully
2025-06-27 22:41:02,525 - main - INFO - PJSIP Configuration API started successfully
2025-06-27 22:41:05,856 - main - INFO - Shutting down PJSIP Configuration API...
2025-06-27 22:41:06,149 - main - INFO - Starting PJSIP Configuration API...
2025-06-27 22:41:06,151 - apps.endpoints.routes - INFO - PJSIP managers initialized successfully
2025-06-27 22:41:06,151 - main - INFO - PJSIP Configuration API started successfully
2025-06-27 22:41:10,368 - apps.endpoints.pjsip_manager.config_manager.ConfigManager - WARNING - Config file not found: local_test/includes/pjsip.d/regular.conf
2025-06-27 22:41:11,669 - apps.endpoints.pjsip_manager.config_manager.ConfigManager - WARNING - Config file not found: local_test/includes/pjsip.d/regular.conf
2025-06-27 22:41:34,858 - apps.endpoints.pjsip_manager.config_manager.ConfigManager - WARNING - Config file not found: local_test/includes/pjsip.d/regular.conf
2025-06-27 22:42:04,853 - main - INFO - Shutting down PJSIP Configuration API...
2025-06-27 22:42:05,260 - main - INFO - Starting PJSIP Configuration API...
2025-06-27 22:42:05,262 - apps.endpoints.routes - INFO - PJSIP managers initialized successfully
2025-06-27 22:42:05,262 - main - INFO - PJSIP Configuration API started successfully
2025-06-27 22:42:06,477 - main - INFO - Shutting down PJSIP Configuration API...
2025-06-27 22:42:06,775 - main - INFO - Starting PJSIP Configuration API...
2025-06-27 22:42:06,777 - apps.endpoints.routes - INFO - PJSIP managers initialized successfully
2025-06-27 22:42:06,777 - main - INFO - PJSIP Configuration API started successfully
2025-06-27 22:42:08,407 - apps.endpoints.pjsip_manager.config_manager.ConfigManager - WARNING - Config file not found: local_test/includes/pjsip.d/regular.conf
2025-06-27 22:43:39,822 - main - INFO - Shutting down PJSIP Configuration API...
2025-06-27 22:43:48,218 - main - INFO - Starting PJSIP Configuration API...
2025-06-27 22:43:48,219 - apps.endpoints.routes - INFO - PJSIP managers initialized successfully
2025-06-27 22:43:48,219 - main - INFO - PJSIP Configuration API started successfully
2025-06-27 22:43:49,334 - main - INFO - Shutting down PJSIP Configuration API...
2025-06-27 22:43:49,649 - main - INFO - Starting PJSIP Configuration API...
2025-06-27 22:43:49,651 - apps.endpoints.routes - INFO - PJSIP managers initialized successfully
2025-06-27 22:43:49,651 - main - INFO - PJSIP Configuration API started successfully
2025-06-27 22:46:22,886 - main - INFO - Shutting down PJSIP Configuration API...
2025-06-27 22:46:23,290 - main - INFO - Starting PJSIP Configuration API...
2025-06-27 22:46:23,292 - apps.endpoints.routes - INFO - PJSIP managers initialized successfully
2025-06-27 22:46:23,292 - main - INFO - PJSIP Configuration API started successfully
2025-06-27 22:46:26,626 - main - INFO - Shutting down PJSIP Configuration API...
2025-06-27 22:46:26,936 - main - INFO - Starting PJSIP Configuration API...
2025-06-27 22:46:26,937 - apps.endpoints.routes - INFO - PJSIP managers initialized successfully
2025-06-27 22:46:26,937 - main - INFO - PJSIP Configuration API started successfully
2025-06-27 22:55:05,475 - main - INFO - Shutting down PJSIP Configuration API...
2025-06-27 22:55:05,908 - main - INFO - Starting PJSIP Configuration API...
2025-06-27 22:55:05,910 - apps.endpoints.routes - INFO - PJSIP managers initialized successfully
2025-06-27 22:55:05,910 - main - INFO - PJSIP Configuration API started successfully
2025-06-27 22:55:08,842 - main - INFO - Shutting down PJSIP Configuration API...
2025-06-27 22:55:09,155 - main - INFO - Starting PJSIP Configuration API...
2025-06-27 22:55:09,156 - apps.endpoints.routes - INFO - PJSIP managers initialized successfully
2025-06-27 22:55:09,157 - main - INFO - PJSIP Configuration API started successfully
2025-06-27 22:56:28,958 - main - INFO - Shutting down PJSIP Configuration API...
2025-06-27 22:56:29,557 - main - INFO - Starting PJSIP Configuration API...
2025-06-27 22:56:29,559 - apps.endpoints.routes - INFO - PJSIP managers initialized successfully
2025-06-27 22:56:29,560 - main - INFO - PJSIP Configuration API started successfully
2025-06-27 22:56:32,494 - main - INFO - Shutting down PJSIP Configuration API...
2025-06-27 22:56:32,797 - main - INFO - Starting PJSIP Configuration API...
2025-06-27 22:56:32,799 - apps.endpoints.routes - INFO - PJSIP managers initialized successfully
2025-06-27 22:56:32,799 - main - INFO - PJSIP Configuration API started successfully
2025-06-27 23:07:11,111 - main - INFO - Shutting down PJSIP Configuration API...
2025-06-27 23:07:11,766 - main - INFO - Starting PJSIP Configuration API...
2025-06-27 23:07:11,768 - apps.endpoints.routes - INFO - PJSIP managers initialized successfully
2025-06-27 23:07:11,768 - main - INFO - PJSIP Configuration API started successfully
2025-06-27 23:09:02,228 - main - INFO - Shutting down PJSIP Configuration API...
2025-06-27 23:09:02,581 - main - INFO - Starting PJSIP Configuration API...
2025-06-27 23:09:02,582 - apps.endpoints.routes - INFO - PJSIP managers initialized successfully
2025-06-27 23:09:02,582 - main - INFO - PJSIP Configuration API started successfully
2025-06-27 23:09:05,007 - main - INFO - Shutting down PJSIP Configuration API...
2025-06-27 23:09:05,312 - main - INFO - Starting PJSIP Configuration API...
2025-06-27 23:09:05,314 - apps.endpoints.routes - INFO - PJSIP managers initialized successfully
2025-06-27 23:09:05,314 - main - INFO - PJSIP Configuration API started successfully
2025-06-27 23:09:07,252 - apps.endpoints.pjsip_manager.config_manager.ConfigManager - WARNING - Config file not found: local_test/includes/pjsip.d/regular.conf
2025-06-27 23:10:19,759 - apps.endpoints.pjsip_manager.config_manager.ConfigManager - INFO - Created backup: local_test/backups/pjsip_backup_20250627_231019.conf
2025-06-27 23:10:19,772 - apps.endpoints.routes - INFO - Updated endpoint: 200 -> 200
2025-06-27 23:10:28,522 - apps.endpoints.pjsip_manager.config_manager.ConfigManager - INFO - Created backup: local_test/backups/pjsip_backup_20250627_231028.conf
2025-06-27 23:10:28,524 - apps.endpoints.routes - INFO - Created endpoint: 205
2025-06-27 23:11:05,365 - apps.endpoints.pjsip_manager.config_manager.ConfigManager - INFO - Removed include directive for 200
2025-06-27 23:11:05,366 - apps.endpoints.pjsip_manager.config_manager.ConfigManager - INFO - Deleted configuration for endpoint 200
2025-06-27 23:11:05,366 - apps.endpoints.routes - INFO - Deleted endpoint: 200
2025-06-27 23:11:57,475 - apps.endpoints.pjsip_manager.config_manager.ConfigManager - INFO - Created backup: local_test/backups/pjsip_backup_20250627_231157.conf
2025-06-27 23:11:57,481 - apps.endpoints.routes - INFO - Created endpoint: gamma-2345
2025-06-27 23:12:01,625 - apps.endpoints.pjsip_manager.config_manager.ConfigManager - INFO - Created backup: local_test/backups/pjsip_backup_20250627_231201.conf
2025-06-27 23:12:01,627 - apps.endpoints.routes - INFO - Updated endpoint: gamma-2345 -> gamma-2345
2025-06-27 23:12:37,530 - apps.endpoints.pjsip_manager.config_manager.ConfigManager - INFO - Removed include directive for gamma-2345
2025-06-27 23:12:37,530 - apps.endpoints.pjsip_manager.config_manager.ConfigManager - INFO - Deleted configuration for endpoint gamma-2345
2025-06-27 23:12:37,530 - apps.endpoints.routes - INFO - Deleted endpoint: gamma-2345
2025-06-27 23:17:06,207 - apps.endpoints.pjsip_manager.config_manager.ConfigManager - INFO - Created backup: local_test/backups/pjsip_backup_20250627_231706.conf
2025-06-27 23:17:06,210 - apps.endpoints.pjsip_manager.config_manager.ConfigManager - INFO - Added include directive for gamma-2345
2025-06-27 23:17:06,210 - apps.endpoints.routes - INFO - Created endpoint: gamma-2345
2025-06-27 23:53:05,843 - main - INFO - Shutting down PJSIP Configuration API...
2025-06-27 23:53:06,367 - main - INFO - Starting PJSIP Configuration API...
2025-06-27 23:53:06,372 - apps.endpoints.routes - INFO - PJSIP managers initialized successfully
2025-06-27 23:53:06,375 - main - INFO - PJSIP Configuration API started successfully
2025-06-27 23:53:09,410 - main - INFO - Shutting down PJSIP Configuration API...
2025-06-27 23:53:09,678 - main - INFO - Starting PJSIP Configuration API...
2025-06-27 23:53:09,680 - apps.endpoints.routes - INFO - PJSIP managers initialized successfully
2025-06-27 23:53:09,680 - main - INFO - PJSIP Configuration API started successfully
2025-06-27 23:53:52,714 - main - INFO - Shutting down PJSIP Configuration API...
2025-06-27 23:53:53,039 - main - INFO - Starting PJSIP Configuration API...
2025-06-27 23:53:53,040 - apps.endpoints.routes - INFO - PJSIP managers initialized successfully
2025-06-27 23:53:53,040 - main - INFO - PJSIP Configuration API started successfully
2025-06-27 23:53:55,061 - main - INFO - Shutting down PJSIP Configuration API...
2025-06-27 23:53:55,352 - main - INFO - Starting PJSIP Configuration API...
2025-06-27 23:53:55,354 - apps.endpoints.routes - INFO - PJSIP managers initialized successfully
2025-06-27 23:53:55,354 - main - INFO - PJSIP Configuration API started successfully
2025-06-27 23:56:04,596 - main - INFO - Shutting down PJSIP Configuration API...
2025-06-27 23:56:04,967 - main - INFO - Starting PJSIP Configuration API...
2025-06-27 23:56:04,969 - apps.endpoints.routes - INFO - PJSIP managers initialized successfully
2025-06-27 23:56:04,969 - main - INFO - PJSIP Configuration API started successfully
2025-06-27 23:56:07,396 - main - INFO - Shutting down PJSIP Configuration API...
2025-06-27 23:56:07,694 - main - INFO - Starting PJSIP Configuration API...
2025-06-27 23:56:07,696 - apps.endpoints.routes - INFO - PJSIP managers initialized successfully
2025-06-27 23:56:07,696 - main - INFO - PJSIP Configuration API started successfully
2025-06-27 23:56:26,624 - apps.endpoints.routes - ERROR - Failed to update endpoint gamma-2345: EndpointUpdateRequest.to_endpoint_config() takes 1 positional argument but 3 were given
2025-06-27 23:57:17,382 - apps.endpoints.pjsip_manager.config_manager.ConfigManager - INFO - Created backup: local_test/backups/pjsip_backup_20250627_235717.conf
2025-06-27 23:57:17,392 - apps.endpoints.pjsip_manager.config_manager.ConfigManager - INFO - Added include directive for gamma-2346
2025-06-27 23:57:17,392 - apps.endpoints.routes - INFO - Created endpoint: gamma-2346
2025-06-28 00:20:47,750 - main - INFO - Shutting down PJSIP Configuration API...
2025-06-28 00:20:48,166 - main - INFO - Starting PJSIP Configuration API...
2025-06-28 00:20:48,168 - apps.endpoints.routes - INFO - PJSIP managers initialized successfully
2025-06-28 00:20:48,168 - main - INFO - PJSIP Configuration API started successfully
2025-06-28 00:20:51,303 - main - INFO - Shutting down PJSIP Configuration API...
2025-06-28 00:20:51,618 - main - INFO - Starting PJSIP Configuration API...
2025-06-28 00:20:51,620 - apps.endpoints.routes - INFO - PJSIP managers initialized successfully
2025-06-28 00:20:51,620 - main - INFO - PJSIP Configuration API started successfully
2025-06-28 00:24:15,513 - main - INFO - Shutting down PJSIP Configuration API...
2025-06-28 00:24:15,821 - main - INFO - Starting PJSIP Configuration API...
2025-06-28 00:24:15,823 - apps.endpoints.routes - INFO - PJSIP managers initialized successfully
2025-06-28 00:24:15,823 - main - INFO - PJSIP Configuration API started successfully
2025-06-28 00:24:25,827 - main - INFO - Shutting down PJSIP Configuration API...
2025-06-28 00:24:26,115 - main - INFO - Starting PJSIP Configuration API...
2025-06-28 00:24:26,117 - apps.endpoints.routes - INFO - PJSIP managers initialized successfully
2025-06-28 00:24:26,117 - main - INFO - PJSIP Configuration API started successfully
2025-06-28 00:26:34,926 - main - INFO - Shutting down PJSIP Configuration API...
2025-06-28 00:26:35,301 - main - INFO - Starting PJSIP Configuration API...
2025-06-28 00:26:35,303 - apps.endpoints.routes - INFO - PJSIP managers initialized successfully
2025-06-28 00:26:35,303 - main - INFO - PJSIP Configuration API started successfully
2025-06-28 00:26:38,335 - main - INFO - Shutting down PJSIP Configuration API...
2025-06-28 00:26:38,628 - main - INFO - Starting PJSIP Configuration API...
2025-06-28 00:26:38,629 - apps.endpoints.routes - INFO - PJSIP managers initialized successfully
2025-06-28 00:26:38,629 - main - INFO - PJSIP Configuration API started successfully
2025-06-28 00:27:09,863 - main - INFO - Shutting down PJSIP Configuration API...
2025-06-28 00:27:10,282 - main - INFO - Starting PJSIP Configuration API...
2025-06-28 00:27:10,284 - apps.endpoints.routes - INFO - PJSIP managers initialized successfully
2025-06-28 00:27:10,284 - main - INFO - PJSIP Configuration API started successfully
2025-06-28 00:27:13,318 - main - INFO - Shutting down PJSIP Configuration API...
2025-06-28 00:27:13,607 - main - INFO - Starting PJSIP Configuration API...
2025-06-28 00:27:13,608 - apps.endpoints.routes - INFO - PJSIP managers initialized successfully
2025-06-28 00:27:13,608 - main - INFO - PJSIP Configuration API started successfully
2025-06-28 00:27:26,786 - apps.endpoints.pjsip_manager.config_manager.ConfigManager - INFO - Created backup: local_test/backups/pjsip_backup_20250628_002726.conf
2025-06-28 00:27:26,797 - apps.endpoints.routes - INFO - Created endpoint: gamma-2346
2025-06-28 00:28:10,289 - apps.endpoints.pjsip_manager.config_manager.ConfigManager - INFO - Created backup: local_test/backups/pjsip_backup_20250628_002810.conf
2025-06-28 00:28:10,291 - apps.endpoints.pjsip_manager.config_manager.ConfigManager - INFO - Added include directive for gamma-2347
2025-06-28 00:28:10,291 - apps.endpoints.routes - INFO - Created endpoint: gamma-2347
2025-06-28 00:31:06,381 - main - INFO - Shutting down PJSIP Configuration API...
2025-06-28 00:31:06,696 - main - INFO - Starting PJSIP Configuration API...
2025-06-28 00:31:06,698 - apps.endpoints.routes - INFO - PJSIP managers initialized successfully
2025-06-28 00:31:06,700 - main - INFO - PJSIP Configuration API started successfully
2025-06-28 00:31:09,833 - main - INFO - Shutting down PJSIP Configuration API...
2025-06-28 00:31:10,155 - main - INFO - Starting PJSIP Configuration API...
2025-06-28 00:31:10,157 - apps.endpoints.routes - INFO - PJSIP managers initialized successfully
2025-06-28 00:31:10,157 - main - INFO - PJSIP Configuration API started successfully
2025-06-28 00:31:52,585 - main - INFO - Shutting down PJSIP Configuration API...
2025-06-28 00:31:52,907 - main - INFO - Starting PJSIP Configuration API...
2025-06-28 00:31:52,909 - apps.endpoints.routes - INFO - PJSIP managers initialized successfully
2025-06-28 00:31:52,909 - main - INFO - PJSIP Configuration API started successfully
2025-06-28 00:31:55,538 - main - INFO - Shutting down PJSIP Configuration API...
2025-06-28 00:31:55,846 - main - INFO - Starting PJSIP Configuration API...
2025-06-28 00:31:55,848 - apps.endpoints.routes - INFO - PJSIP managers initialized successfully
2025-06-28 00:31:55,848 - main - INFO - PJSIP Configuration API started successfully
2025-06-28 00:31:55,849 - apps.endpoints.pjsip_manager.config_manager.ConfigManager - INFO - Created backup: local_test/backups/pjsip_backup_20250628_003155.conf
2025-06-28 00:31:55,853 - apps.endpoints.routes - INFO - Created endpoint: gamma-2347
2025-06-28 00:32:20,397 - apps.endpoints.pjsip_manager.config_manager.ConfigManager - INFO - Created backup: local_test/backups/pjsip_backup_20250628_003220.conf
2025-06-28 00:32:20,400 - apps.endpoints.pjsip_manager.config_manager.ConfigManager - INFO - Added include directive for gamma-2348
2025-06-28 00:32:20,400 - apps.endpoints.routes - INFO - Created endpoint: gamma-2348
2025-06-28 00:32:40,199 - main - INFO - Shutting down PJSIP Configuration API...
2025-06-28 00:32:41,578 - main - INFO - Starting PJSIP Configuration API...
2025-06-28 00:32:41,580 - apps.endpoints.routes - INFO - PJSIP managers initialized successfully
2025-06-28 00:32:41,580 - main - INFO - PJSIP Configuration API started successfully
2025-06-28 00:32:44,412 - apps.endpoints.pjsip_manager.config_manager.ConfigManager - INFO - Created backup: local_test/backups/pjsip_backup_20250628_003244.conf
2025-06-28 00:32:44,421 - apps.endpoints.routes - INFO - Created endpoint: gamma-2348
2025-06-28 00:33:12,059 - apps.endpoints.routes - ERROR - Failed to update endpoint gamma-2348: EndpointUpdateRequest.to_endpoint_config() takes 1 positional argument but 3 were given
2025-06-28 00:33:33,788 - apps.endpoints.pjsip_manager.config_manager.ConfigManager - INFO - Created backup: local_test/backups/pjsip_backup_20250628_003333.conf
2025-06-28 00:33:33,790 - apps.endpoints.routes - INFO - Created endpoint: gamma-2348
2025-06-28 00:36:30,320 - main - INFO - Shutting down PJSIP Configuration API...
2025-06-28 00:36:30,633 - main - INFO - Starting PJSIP Configuration API...
2025-06-28 00:36:30,635 - apps.endpoints.routes - INFO - PJSIP managers initialized successfully
2025-06-28 00:36:30,635 - main - INFO - PJSIP Configuration API started successfully
2025-06-28 00:36:33,968 - main - INFO - Shutting down PJSIP Configuration API...
2025-06-28 00:36:34,281 - main - INFO - Starting PJSIP Configuration API...
2025-06-28 00:36:34,282 - apps.endpoints.routes - INFO - PJSIP managers initialized successfully
2025-06-28 00:36:34,282 - main - INFO - PJSIP Configuration API started successfully
2025-06-28 00:38:40,402 - main - INFO - Shutting down PJSIP Configuration API...
2025-06-28 00:38:40,720 - main - INFO - Starting PJSIP Configuration API...
2025-06-28 00:38:40,721 - apps.endpoints.routes - INFO - PJSIP managers initialized successfully
2025-06-28 00:38:40,722 - main - INFO - PJSIP Configuration API started successfully
2025-06-28 00:38:43,860 - main - INFO - Shutting down PJSIP Configuration API...
2025-06-28 00:38:44,167 - main - INFO - Starting PJSIP Configuration API...
2025-06-28 00:38:44,168 - apps.endpoints.routes - INFO - PJSIP managers initialized successfully
2025-06-28 00:38:44,168 - main - INFO - PJSIP Configuration API started successfully
2025-06-28 00:38:59,864 - apps.endpoints.pjsip_manager.config_manager.ConfigManager - INFO - Created backup: local_test/backups/pjsip_backup_20250628_003859.conf
2025-06-28 00:38:59,873 - apps.endpoints.routes - INFO - Created endpoint: gamma-2348
2025-06-28 00:39:13,779 - main - INFO - Shutting down PJSIP Configuration API...
2025-06-28 00:39:14,939 - main - INFO - Starting PJSIP Configuration API...
2025-06-28 00:39:14,940 - apps.endpoints.routes - INFO - PJSIP managers initialized successfully
2025-06-28 00:39:14,940 - main - INFO - PJSIP Configuration API started successfully
2025-06-28 00:39:20,479 - apps.endpoints.pjsip_manager.config_manager.ConfigManager - INFO - Created backup: local_test/backups/pjsip_backup_20250628_003920.conf
2025-06-28 00:39:20,488 - apps.endpoints.routes - INFO - Created endpoint: gamma-2348
2025-06-28 00:39:21,150 - apps.endpoints.pjsip_manager.config_manager.ConfigManager - INFO - Created backup: local_test/backups/pjsip_backup_20250628_003921.conf
2025-06-28 00:39:21,153 - apps.endpoints.routes - INFO - Created endpoint: gamma-2348
2025-06-28 00:40:20,197 - apps.endpoints.pjsip_manager.config_manager.ConfigManager - INFO - Created backup: local_test/backups/pjsip_backup_20250628_004020.conf
2025-06-28 00:40:20,200 - apps.endpoints.pjsip_manager.config_manager.ConfigManager - INFO - Added include directive for gamma-2350
2025-06-28 00:40:20,200 - apps.endpoints.routes - INFO - Created endpoint: gamma-2350
2025-06-28 00:54:17,813 - apps.endpoints.pjsip_manager.config_manager.ConfigManager - INFO - Created backup: local_test/backups/pjsip_backup_20250628_005417.conf
2025-06-28 00:54:17,823 - apps.endpoints.routes - INFO - Created trunk: gamma-2350
2025-06-28 00:55:53,452 - main - INFO - Shutting down PJSIP Configuration API...
2025-06-28 00:55:53,852 - main - INFO - Starting PJSIP Configuration API...
2025-06-28 00:55:53,854 - apps.endpoints.routes - ERROR - Failed to initialize PJSIP managers: 'TemplateManager' object has no attribute '_create_default_templates'
2025-06-28 00:55:53,854 - main - ERROR - Failed to start application: 'TemplateManager' object has no attribute '_create_default_templates'
2025-06-28 00:55:56,092 - main - INFO - Starting PJSIP Configuration API...
2025-06-28 00:55:56,094 - apps.endpoints.routes - ERROR - Failed to initialize PJSIP managers: 'TemplateManager' object has no attribute '_create_default_templates'
2025-06-28 00:55:56,094 - main - ERROR - Failed to start application: 'TemplateManager' object has no attribute '_create_default_templates'
2025-06-28 00:56:41,039 - main - INFO - Starting PJSIP Configuration API...
2025-06-28 00:56:41,041 - apps.endpoints.routes - INFO - PJSIP managers initialized successfully
2025-06-28 00:56:41,041 - main - INFO - PJSIP Configuration API started successfully
2025-06-28 00:56:43,468 - main - INFO - Shutting down PJSIP Configuration API...
2025-06-28 00:56:43,761 - main - INFO - Starting PJSIP Configuration API...
2025-06-28 00:56:43,763 - apps.endpoints.routes - INFO - PJSIP managers initialized successfully
2025-06-28 00:56:43,763 - main - INFO - PJSIP Configuration API started successfully
2025-06-28 00:58:10,749 - apps.endpoints.routes - ERROR - Failed to update trunk gamma-2348: EndpointUpdateRequest.to_endpoint_config() takes 1 positional argument but 3 were given
2025-06-28 01:04:00,619 - main - INFO - Shutting down PJSIP Configuration API...
2025-06-28 01:04:00,923 - main - INFO - Starting PJSIP Configuration API...
2025-06-28 01:04:00,925 - apps.endpoints.routes - INFO - PJSIP managers initialized successfully
2025-06-28 01:04:00,925 - main - INFO - PJSIP Configuration API started successfully
2025-06-28 01:04:04,515 - apps.endpoints.routes - ERROR - Failed to update trunk gamma-2348: 'EndpointUpdateRequest' object has no attribute 'id'
2025-06-28 01:04:04,666 - main - INFO - Shutting down PJSIP Configuration API...
2025-06-28 01:04:04,951 - main - INFO - Starting PJSIP Configuration API...
2025-06-28 01:04:04,952 - apps.endpoints.routes - INFO - PJSIP managers initialized successfully
2025-06-28 01:04:04,952 - main - INFO - PJSIP Configuration API started successfully
2025-06-28 01:04:34,535 - apps.endpoints.routes - ERROR - Failed to update trunk gamma-2348: 'EndpointUpdateRequest' object has no attribute 'id'
2025-06-28 01:04:47,705 - main - INFO - Shutting down PJSIP Configuration API...
2025-06-28 01:04:48,046 - main - INFO - Starting PJSIP Configuration API...
2025-06-28 01:04:48,048 - apps.endpoints.routes - INFO - PJSIP managers initialized successfully
2025-06-28 01:04:48,048 - main - INFO - PJSIP Configuration API started successfully
2025-06-28 01:04:49,365 - main - INFO - Shutting down PJSIP Configuration API...
2025-06-28 01:04:49,681 - main - INFO - Starting PJSIP Configuration API...
2025-06-28 01:04:49,683 - apps.endpoints.routes - INFO - PJSIP managers initialized successfully
2025-06-28 01:04:49,683 - main - INFO - PJSIP Configuration API started successfully
2025-06-28 01:05:04,092 - apps.endpoints.routes - ERROR - Failed to update trunk gamma-2348: EndpointUpdateRequest.to_endpoint_config() takes 1 positional argument but 3 were given
2025-06-28 01:05:36,272 - main - INFO - Shutting down PJSIP Configuration API...
2025-06-28 01:05:36,579 - main - INFO - Starting PJSIP Configuration API...
2025-06-28 01:05:36,581 - apps.endpoints.routes - INFO - PJSIP managers initialized successfully
2025-06-28 01:05:36,581 - main - INFO - PJSIP Configuration API started successfully
2025-06-28 01:05:38,733 - apps.endpoints.routes - ERROR - Failed to update trunk gamma-2348: EndpointUpdateRequest.to_endpoint_config() takes 1 positional argument but 3 were given
2025-06-28 01:05:39,711 - main - INFO - Shutting down PJSIP Configuration API...
2025-06-28 01:05:39,999 - main - INFO - Starting PJSIP Configuration API...
2025-06-28 01:05:40,001 - apps.endpoints.routes - INFO - PJSIP managers initialized successfully
2025-06-28 01:05:40,001 - main - INFO - PJSIP Configuration API started successfully
2025-06-28 01:06:25,568 - main - INFO - Shutting down PJSIP Configuration API...
2025-06-28 01:06:25,884 - main - INFO - Starting PJSIP Configuration API...
2025-06-28 01:06:25,885 - apps.endpoints.routes - INFO - PJSIP managers initialized successfully
2025-06-28 01:06:25,885 - main - INFO - PJSIP Configuration API started successfully
2025-06-28 01:06:28,126 - apps.endpoints.routes - ERROR - Failed to update trunk gamma-2348: EndpointUpdateRequest.to_endpoint_config() takes 1 positional argument but 3 were given
2025-06-28 01:06:29,294 - apps.endpoints.routes - ERROR - Failed to update trunk gamma-2348: EndpointUpdateRequest.to_endpoint_config() takes 1 positional argument but 3 were given
2025-06-28 01:06:29,620 - main - INFO - Shutting down PJSIP Configuration API...
2025-06-28 01:06:29,908 - main - INFO - Starting PJSIP Configuration API...
2025-06-28 01:06:29,910 - apps.endpoints.routes - INFO - PJSIP managers initialized successfully
2025-06-28 01:06:29,910 - main - INFO - PJSIP Configuration API started successfully
2025-06-28 01:06:33,302 - apps.endpoints.routes - ERROR - Failed to create trunk gamma-2350: 'EndpointCreateRequest' object has no attribute 'overrides'
2025-06-28 01:07:07,495 - main - INFO - Shutting down PJSIP Configuration API...
2025-06-28 01:07:07,821 - main - INFO - Starting PJSIP Configuration API...
2025-06-28 01:07:07,823 - apps.endpoints.routes - INFO - PJSIP managers initialized successfully
2025-06-28 01:07:07,823 - main - INFO - PJSIP Configuration API started successfully
2025-06-28 01:07:09,138 - main - INFO - Shutting down PJSIP Configuration API...
2025-06-28 01:07:09,426 - main - INFO - Starting PJSIP Configuration API...
2025-06-28 01:07:09,428 - apps.endpoints.routes - INFO - PJSIP managers initialized successfully
2025-06-28 01:07:09,428 - main - INFO - PJSIP Configuration API started successfully
2025-06-28 01:07:09,793 - apps.endpoints.pjsip_manager.config_manager.ConfigManager - INFO - Created backup: local_test/backups/pjsip_backup_20250628_010709.conf
2025-06-28 01:07:09,804 - apps.endpoints.routes - INFO - Created trunk: gamma-2350
2025-06-28 01:07:13,973 - apps.endpoints.pjsip_manager.config_manager.ConfigManager - INFO - Created backup: local_test/backups/pjsip_backup_20250628_010713.conf
2025-06-28 01:07:13,975 - apps.endpoints.routes - INFO - Updated trunk: gamma-2348 -> gamma-2348
2025-06-28 01:08:28,631 - main - INFO - Shutting down PJSIP Configuration API...
2025-06-28 01:08:28,959 - main - INFO - Starting PJSIP Configuration API...
2025-06-28 01:08:28,960 - apps.endpoints.routes - INFO - PJSIP managers initialized successfully
2025-06-28 01:08:28,961 - main - INFO - PJSIP Configuration API started successfully
2025-06-28 01:08:31,286 - main - INFO - Shutting down PJSIP Configuration API...
2025-06-28 01:08:31,597 - main - INFO - Starting PJSIP Configuration API...
2025-06-28 01:08:31,599 - apps.endpoints.routes - INFO - PJSIP managers initialized successfully
2025-06-28 01:08:31,599 - main - INFO - PJSIP Configuration API started successfully
2025-06-28 01:08:31,600 - apps.endpoints.pjsip_manager.config_manager.ConfigManager - INFO - Created backup: local_test/backups/pjsip_backup_20250628_010831.conf
2025-06-28 01:08:31,605 - apps.endpoints.routes - INFO - Updated trunk: gamma-2348 -> gamma-2348
2025-06-28 01:10:50,191 - apps.endpoints.pjsip_manager.config_manager.ConfigManager - INFO - Created backup: local_test/backups/pjsip_backup_20250628_011050.conf
2025-06-28 01:10:50,193 - apps.endpoints.routes - INFO - Updated trunk: gamma-2348 -> gamma-2348
2025-06-28 01:12:46,171 - main - INFO - Shutting down PJSIP Configuration API...
2025-06-28 01:12:46,486 - main - INFO - Starting PJSIP Configuration API...
2025-06-28 01:12:46,489 - apps.endpoints.routes - INFO - PJSIP managers initialized successfully
2025-06-28 01:12:46,489 - main - INFO - PJSIP Configuration API started successfully
2025-06-28 01:12:49,154 - apps.endpoints.routes - ERROR - Failed to update trunk gamma-2348: 'str' object has no attribute 'variables'
2025-06-28 01:12:49,624 - main - INFO - Shutting down PJSIP Configuration API...
2025-06-28 01:12:49,920 - main - INFO - Starting PJSIP Configuration API...
2025-06-28 01:12:49,922 - apps.endpoints.routes - INFO - PJSIP managers initialized successfully
2025-06-28 01:12:49,922 - main - INFO - PJSIP Configuration API started successfully
2025-06-28 01:13:36,194 - main - INFO - Shutting down PJSIP Configuration API...
2025-06-28 01:13:36,500 - main - INFO - Starting PJSIP Configuration API...
2025-06-28 01:13:36,502 - apps.endpoints.routes - INFO - PJSIP managers initialized successfully
2025-06-28 01:13:36,502 - main - INFO - PJSIP Configuration API started successfully
2025-06-28 01:13:38,736 - apps.endpoints.routes - ERROR - Failed to update trunk gamma-2348: 'str' object has no attribute 'overrides'
2025-06-28 01:13:39,130 - main - INFO - Shutting down PJSIP Configuration API...
2025-06-28 01:13:39,426 - main - INFO - Starting PJSIP Configuration API...
2025-06-28 01:13:39,428 - apps.endpoints.routes - INFO - PJSIP managers initialized successfully
2025-06-28 01:13:39,428 - main - INFO - PJSIP Configuration API started successfully
2025-06-28 01:13:45,294 - main - INFO - Shutting down PJSIP Configuration API...
2025-06-28 01:13:45,599 - main - INFO - Starting PJSIP Configuration API...
2025-06-28 01:13:45,600 - apps.endpoints.routes - INFO - PJSIP managers initialized successfully
2025-06-28 01:13:45,600 - main - INFO - PJSIP Configuration API started successfully
2025-06-28 01:13:45,905 - main - INFO - Shutting down PJSIP Configuration API...
2025-06-28 01:13:46,194 - main - INFO - Starting PJSIP Configuration API...
2025-06-28 01:13:46,195 - apps.endpoints.routes - INFO - PJSIP managers initialized successfully
2025-06-28 01:13:46,195 - main - INFO - PJSIP Configuration API started successfully
2025-06-28 01:13:47,338 - apps.endpoints.routes - ERROR - Failed to update trunk gamma-2348: 'str' object has no attribute 'transport_config'
2025-06-28 01:13:47,711 - main - INFO - Shutting down PJSIP Configuration API...
2025-06-28 01:13:48,008 - main - INFO - Starting PJSIP Configuration API...
2025-06-28 01:13:48,009 - apps.endpoints.routes - INFO - PJSIP managers initialized successfully
2025-06-28 01:13:48,009 - main - INFO - PJSIP Configuration API started successfully
2025-06-28 01:14:24,380 - main - INFO - Shutting down PJSIP Configuration API...
2025-06-28 01:14:24,711 - main - INFO - Starting PJSIP Configuration API...
2025-06-28 01:14:24,713 - apps.endpoints.routes - INFO - PJSIP managers initialized successfully
2025-06-28 01:14:24,713 - main - INFO - PJSIP Configuration API started successfully
2025-06-28 01:14:27,643 - main - INFO - Shutting down PJSIP Configuration API...
2025-06-28 01:14:27,936 - main - INFO - Starting PJSIP Configuration API...
2025-06-28 01:14:27,937 - apps.endpoints.routes - INFO - PJSIP managers initialized successfully
2025-06-28 01:14:27,937 - main - INFO - PJSIP Configuration API started successfully
2025-06-28 01:14:47,937 - main - INFO - Shutting down PJSIP Configuration API...
2025-06-28 01:14:48,243 - main - INFO - Starting PJSIP Configuration API...
2025-06-28 01:14:48,245 - apps.endpoints.routes - INFO - PJSIP managers initialized successfully
2025-06-28 01:14:48,245 - main - INFO - PJSIP Configuration API started successfully
2025-06-28 01:14:50,066 - main - INFO - Shutting down PJSIP Configuration API...
2025-06-28 01:14:50,383 - main - INFO - Starting PJSIP Configuration API...
2025-06-28 01:14:50,385 - apps.endpoints.routes - INFO - PJSIP managers initialized successfully
2025-06-28 01:14:50,385 - main - INFO - PJSIP Configuration API started successfully
2025-06-28 01:14:51,008 - apps.endpoints.routes - ERROR - Failed to update trunk gamma-2348: 'EndpointUpdateRequest' object has no attribute 'id'
2025-06-28 01:15:02,411 - main - INFO - Shutting down PJSIP Configuration API...
2025-06-28 01:15:02,708 - main - INFO - Starting PJSIP Configuration API...
2025-06-28 01:15:02,710 - apps.endpoints.routes - INFO - PJSIP managers initialized successfully
2025-06-28 01:15:02,710 - main - INFO - PJSIP Configuration API started successfully
2025-06-28 01:15:04,630 - main - INFO - Shutting down PJSIP Configuration API...
2025-06-28 01:15:04,936 - main - INFO - Starting PJSIP Configuration API...
2025-06-28 01:15:04,937 - apps.endpoints.routes - INFO - PJSIP managers initialized successfully
2025-06-28 01:15:04,937 - main - INFO - PJSIP Configuration API started successfully
2025-06-28 01:15:05,007 - apps.endpoints.routes - ERROR - Failed to update trunk gamma-2348: 'str' object has no attribute 'variables'
2025-06-28 01:15:39,787 - main - INFO - Shutting down PJSIP Configuration API...
2025-06-28 01:15:40,111 - main - INFO - Starting PJSIP Configuration API...
2025-06-28 01:15:40,113 - apps.endpoints.routes - INFO - PJSIP managers initialized successfully
2025-06-28 01:15:40,113 - main - INFO - PJSIP Configuration API started successfully
2025-06-28 01:15:41,833 - main - INFO - Shutting down PJSIP Configuration API...
2025-06-28 01:15:42,125 - main - INFO - Starting PJSIP Configuration API...
2025-06-28 01:15:42,127 - apps.endpoints.routes - INFO - PJSIP managers initialized successfully
2025-06-28 01:15:42,127 - main - INFO - PJSIP Configuration API started successfully
2025-06-28 01:15:42,128 - apps.endpoints.pjsip_manager.config_manager.ConfigManager - INFO - Created backup: local_test/backups/pjsip_backup_20250628_011542.conf
2025-06-28 01:15:42,133 - apps.endpoints.routes - INFO - Updated trunk: gamma-2348 -> gamma-2348
2025-06-28 01:16:04,381 - apps.endpoints.pjsip_manager.config_manager.ConfigManager - INFO - Created backup: local_test/backups/pjsip_backup_20250628_011604.conf
2025-06-28 01:16:04,388 - apps.endpoints.routes - INFO - Created trunk: gamma-2345
2025-06-28 01:18:37,099 - main - INFO - Shutting down PJSIP Configuration API...
2025-06-28 01:18:37,433 - main - INFO - Starting PJSIP Configuration API...
2025-06-28 01:18:37,434 - apps.endpoints.routes - INFO - PJSIP managers initialized successfully
2025-06-28 01:18:37,434 - main - INFO - PJSIP Configuration API started successfully
2025-06-28 01:18:40,871 - main - INFO - Shutting down PJSIP Configuration API...
2025-06-28 01:18:41,170 - main - INFO - Starting PJSIP Configuration API...
2025-06-28 01:18:41,171 - apps.endpoints.routes - INFO - PJSIP managers initialized successfully
2025-06-28 01:18:41,171 - main - INFO - PJSIP Configuration API started successfully
2025-06-28 01:18:41,733 - apps.endpoints.pjsip_manager.config_manager.ConfigManager - INFO - Created backup: local_test/backups/pjsip_backup_20250628_011841.conf
2025-06-28 01:18:41,744 - apps.endpoints.routes - INFO - Updated trunk: gamma-2348 -> gamma-2348
2025-06-28 01:18:43,504 - apps.endpoints.pjsip_manager.config_manager.ConfigManager - INFO - Created backup: local_test/backups/pjsip_backup_20250628_011843.conf
2025-06-28 01:18:43,506 - apps.endpoints.routes - INFO - Updated trunk: gamma-2348 -> gamma-2348
2025-06-28 01:19:05,617 - main - INFO - Shutting down PJSIP Configuration API...
2025-06-28 01:19:05,981 - main - INFO - Starting PJSIP Configuration API...
2025-06-28 01:19:05,982 - apps.endpoints.routes - INFO - PJSIP managers initialized successfully
2025-06-28 01:19:05,982 - main - INFO - PJSIP Configuration API started successfully
2025-06-28 01:19:08,410 - main - INFO - Shutting down PJSIP Configuration API...
2025-06-28 01:19:08,719 - main - INFO - Starting PJSIP Configuration API...
2025-06-28 01:19:08,720 - apps.endpoints.routes - INFO - PJSIP managers initialized successfully
2025-06-28 01:19:08,720 - main - INFO - PJSIP Configuration API started successfully
2025-06-28 01:19:23,102 - apps.endpoints.pjsip_manager.config_manager.ConfigManager - INFO - Created backup: local_test/backups/pjsip_backup_20250628_011923.conf
2025-06-28 01:19:23,116 - apps.endpoints.routes - INFO - Updated trunk: gamma-2346 -> gamma-2346
2025-06-28 01:21:03,957 - apps.endpoints.pjsip_manager.config_manager.ConfigManager - INFO - Created backup: local_test/backups/pjsip_backup_20250628_012103.conf
2025-06-28 01:21:03,959 - apps.endpoints.routes - INFO - Updated trunk: gamma-2346 -> gamma-2346
2025-06-28 01:21:47,476 - main - INFO - Shutting down PJSIP Configuration API...
2025-06-28 01:21:48,818 - main - INFO - Starting PJSIP Configuration API...
2025-06-28 01:21:48,820 - apps.endpoints.routes - INFO - PJSIP managers initialized successfully
2025-06-28 01:21:48,820 - main - INFO - PJSIP Configuration API started successfully
2025-06-28 01:21:59,207 - apps.endpoints.pjsip_manager.config_manager.ConfigManager - INFO - Created backup: local_test/backups/pjsip_backup_20250628_012159.conf
2025-06-28 01:21:59,219 - apps.endpoints.routes - INFO - Updated trunk: gamma-2346 -> gamma-2346
2025-06-28 01:22:31,428 - apps.endpoints.pjsip_manager.config_manager.ConfigManager - INFO - Created backup: local_test/backups/pjsip_backup_20250628_012231.conf
2025-06-28 01:22:31,430 - apps.endpoints.routes - INFO - Updated trunk: gamma-2346 -> gamma-2346
2025-06-28 01:22:45,247 - apps.endpoints.pjsip_manager.config_manager.ConfigManager - INFO - Created backup: local_test/backups/pjsip_backup_20250628_012245.conf
2025-06-28 01:22:45,249 - apps.endpoints.routes - INFO - Updated trunk: gamma-2346 -> gamma-2346
2025-06-28 01:23:39,126 - apps.endpoints.pjsip_manager.config_manager.ConfigManager - INFO - Created backup: local_test/backups/pjsip_backup_20250628_012339.conf
2025-06-28 01:23:39,128 - apps.endpoints.pjsip_manager.config_manager.ConfigManager - INFO - Added include directive for gamma-2390
2025-06-28 01:23:39,129 - apps.endpoints.routes - INFO - Created trunk: gamma-2390
2025-06-28 01:29:11,560 - main - INFO - Shutting down PJSIP Configuration API...
2025-06-28 01:29:11,873 - main - INFO - Starting PJSIP Configuration API...
2025-06-28 01:29:11,874 - apps.endpoints.routes - INFO - PJSIP managers initialized successfully
2025-06-28 01:29:11,874 - main - INFO - PJSIP Configuration API started successfully
2025-06-28 01:29:14,906 - main - INFO - Shutting down PJSIP Configuration API...
2025-06-28 01:29:15,202 - main - INFO - Starting PJSIP Configuration API...
2025-06-28 01:29:15,203 - apps.endpoints.routes - INFO - PJSIP managers initialized successfully
2025-06-28 01:29:15,203 - main - INFO - PJSIP Configuration API started successfully
2025-06-28 01:32:18,257 - main - INFO - Shutting down PJSIP Configuration API...
2025-06-28 01:53:39,886 - main - INFO - Starting PJSIP Configuration API...
2025-06-28 01:53:39,888 - apps.endpoints.routes - INFO - PJSIP managers initialized successfully
2025-06-28 01:53:39,888 - main - INFO - PJSIP Configuration API started successfully
2025-06-28 01:53:48,845 - main - ERROR - Unhandled exception: 1 validation errors:
  {'type': 'missing', 'loc': ('response', 'trunks'), 'msg': 'Field required', 'input': EndpointListResponse(endpoints=[StructuredEndpoint(id='gamma-2346', type='endpoint', accountcode='', set_var='', audio_media=AudioMediaConfig(max_audio_streams=2, allow='ulaw,alaw', disallow='all', moh_suggest='default', tone_zone='us', dtmf_mode='rfc4733', allow_transfer='yes'), transport_network=TransportNetworkConfig(transport=None, identify_by='ip', deny='0.0.0.0/0.0.0.0', permit='', force_rport='yes', rewrite_contact='yes', from_user=None, from_domain='', direct_media=False, ice_support='no', webrtc='no'), rtp=RTPConfig(rtp_symmetric='yes', rtp_timeout=30, rtp_timeout_hold=60, sdp_session='Asterisk'), recording=RecordingConfig(record_calls='no', one_touch_recording='no', record_on_feature='*1', record_off_feature='*2'), call=CallConfig(context='internal', callerid=None, callerid_privacy='', connected_line_method='invite', call_group=None, pickup_group=None, device_state_busy_at=1), presence=PresenceConfig(allow_subscribe='yes', send_pai='yes', send_rpid='yes', rel100='no'), voicemail=VoicemailConfig(mailboxes='', voicemail_extension=''), auth=AuthConfig(type='auth', auth_type='userpass', username='trunk_user', password='trunk_password', realm='sip.provider.com'), aor=AORConfig(type='aor', remove_existing='yes', max_contacts=1, qualify_timeout=10, qualify_frequency=30, authenticate_qualify='no', default_expiration=3600, minimum_expiration=60, maximum_expiration=7200), template_used='endpoint-trunk-tpl', created_at=None, updated_at=None)], total_count=13, filtered_count=1, page=1, page_size=50, total_pages=1, filters_applied={'id': 'gamma-2346', 'type': <EndpointTypeFilter.TRUNK: 'trunk'>, 'auth_type': <AuthTypeFilter.ALL: 'all'>}, sort_by='id_asc'), 'url': 'https://errors.pydantic.dev/2.5/v/missing'}
Traceback (most recent call last):
  File "/Users/xiots/Library/CloudStorage/Dropbox/Development/Active-Projects/uvlink/tech-stack/fast-api/venv/lib/python3.11/site-packages/starlette/middleware/errors.py", line 162, in __call__
    await self.app(scope, receive, _send)
  File "/Users/xiots/Library/CloudStorage/Dropbox/Development/Active-Projects/uvlink/tech-stack/fast-api/venv/lib/python3.11/site-packages/starlette/middleware/gzip.py", line 24, in __call__
    await responder(scope, receive, send)
  File "/Users/xiots/Library/CloudStorage/Dropbox/Development/Active-Projects/uvlink/tech-stack/fast-api/venv/lib/python3.11/site-packages/starlette/middleware/gzip.py", line 44, in __call__
    await self.app(scope, receive, self.send_with_gzip)
  File "/Users/xiots/Library/CloudStorage/Dropbox/Development/Active-Projects/uvlink/tech-stack/fast-api/venv/lib/python3.11/site-packages/starlette/middleware/cors.py", line 83, in __call__
    await self.app(scope, receive, send)
  File "/Users/xiots/Library/CloudStorage/Dropbox/Development/Active-Projects/uvlink/tech-stack/fast-api/venv/lib/python3.11/site-packages/starlette/middleware/exceptions.py", line 79, in __call__
    raise exc
  File "/Users/xiots/Library/CloudStorage/Dropbox/Development/Active-Projects/uvlink/tech-stack/fast-api/venv/lib/python3.11/site-packages/starlette/middleware/exceptions.py", line 68, in __call__
    await self.app(scope, receive, sender)
  File "/Users/xiots/Library/CloudStorage/Dropbox/Development/Active-Projects/uvlink/tech-stack/fast-api/venv/lib/python3.11/site-packages/fastapi/middleware/asyncexitstack.py", line 20, in __call__
    raise e
  File "/Users/xiots/Library/CloudStorage/Dropbox/Development/Active-Projects/uvlink/tech-stack/fast-api/venv/lib/python3.11/site-packages/fastapi/middleware/asyncexitstack.py", line 17, in __call__
    await self.app(scope, receive, send)
  File "/Users/xiots/Library/CloudStorage/Dropbox/Development/Active-Projects/uvlink/tech-stack/fast-api/venv/lib/python3.11/site-packages/starlette/routing.py", line 718, in __call__
    await route.handle(scope, receive, send)
  File "/Users/xiots/Library/CloudStorage/Dropbox/Development/Active-Projects/uvlink/tech-stack/fast-api/venv/lib/python3.11/site-packages/starlette/routing.py", line 276, in handle
    await self.app(scope, receive, send)
  File "/Users/xiots/Library/CloudStorage/Dropbox/Development/Active-Projects/uvlink/tech-stack/fast-api/venv/lib/python3.11/site-packages/starlette/routing.py", line 66, in app
    response = await func(request)
               ^^^^^^^^^^^^^^^^^^^
  File "/Users/xiots/Library/CloudStorage/Dropbox/Development/Active-Projects/uvlink/tech-stack/fast-api/venv/lib/python3.11/site-packages/fastapi/routing.py", line 292, in app
    content = await serialize_response(
              ^^^^^^^^^^^^^^^^^^^^^^^^^
  File "/Users/xiots/Library/CloudStorage/Dropbox/Development/Active-Projects/uvlink/tech-stack/fast-api/venv/lib/python3.11/site-packages/fastapi/routing.py", line 155, in serialize_response
    raise ResponseValidationError(
fastapi.exceptions.ResponseValidationError: 1 validation errors:
  {'type': 'missing', 'loc': ('response', 'trunks'), 'msg': 'Field required', 'input': EndpointListResponse(endpoints=[StructuredEndpoint(id='gamma-2346', type='endpoint', accountcode='', set_var='', audio_media=AudioMediaConfig(max_audio_streams=2, allow='ulaw,alaw', disallow='all', moh_suggest='default', tone_zone='us', dtmf_mode='rfc4733', allow_transfer='yes'), transport_network=TransportNetworkConfig(transport=None, identify_by='ip', deny='0.0.0.0/0.0.0.0', permit='', force_rport='yes', rewrite_contact='yes', from_user=None, from_domain='', direct_media=False, ice_support='no', webrtc='no'), rtp=RTPConfig(rtp_symmetric='yes', rtp_timeout=30, rtp_timeout_hold=60, sdp_session='Asterisk'), recording=RecordingConfig(record_calls='no', one_touch_recording='no', record_on_feature='*1', record_off_feature='*2'), call=CallConfig(context='internal', callerid=None, callerid_privacy='', connected_line_method='invite', call_group=None, pickup_group=None, device_state_busy_at=1), presence=PresenceConfig(allow_subscribe='yes', send_pai='yes', send_rpid='yes', rel100='no'), voicemail=VoicemailConfig(mailboxes='', voicemail_extension=''), auth=AuthConfig(type='auth', auth_type='userpass', username='trunk_user', password='trunk_password', realm='sip.provider.com'), aor=AORConfig(type='aor', remove_existing='yes', max_contacts=1, qualify_timeout=10, qualify_frequency=30, authenticate_qualify='no', default_expiration=3600, minimum_expiration=60, maximum_expiration=7200), template_used='endpoint-trunk-tpl', created_at=None, updated_at=None)], total_count=13, filtered_count=1, page=1, page_size=50, total_pages=1, filters_applied={'id': 'gamma-2346', 'type': <EndpointTypeFilter.TRUNK: 'trunk'>, 'auth_type': <AuthTypeFilter.ALL: 'all'>}, sort_by='id_asc'), 'url': 'https://errors.pydantic.dev/2.5/v/missing'}

2025-06-28 01:54:02,115 - main - INFO - Shutting down PJSIP Configuration API...
2025-06-28 01:54:02,401 - main - INFO - Starting PJSIP Configuration API...
2025-06-28 01:54:02,402 - apps.endpoints.routes - INFO - PJSIP managers initialized successfully
2025-06-28 01:54:02,402 - main - INFO - PJSIP Configuration API started successfully
2025-06-28 01:55:53,037 - main - INFO - Shutting down PJSIP Configuration API...
2025-06-28 01:55:53,338 - main - INFO - Starting PJSIP Configuration API...
2025-06-28 01:55:53,341 - apps.endpoints.routes - INFO - PJSIP managers initialized successfully
2025-06-28 01:55:53,341 - main - INFO - PJSIP Configuration API started successfully
2025-06-28 01:55:56,573 - main - INFO - Shutting down PJSIP Configuration API...
2025-06-28 01:55:56,859 - main - INFO - Starting PJSIP Configuration API...
2025-06-28 01:55:56,860 - apps.endpoints.routes - INFO - PJSIP managers initialized successfully
2025-06-28 01:55:56,860 - main - INFO - PJSIP Configuration API started successfully
2025-06-28 01:56:06,358 - main - INFO - Shutting down PJSIP Configuration API...
2025-06-28 01:56:06,673 - main - INFO - Starting PJSIP Configuration API...
2025-06-28 01:56:06,675 - apps.endpoints.routes - INFO - PJSIP managers initialized successfully
2025-06-28 01:56:06,675 - main - INFO - PJSIP Configuration API started successfully
2025-06-28 01:56:07,890 - main - INFO - Shutting down PJSIP Configuration API...
2025-06-28 01:56:08,174 - main - INFO - Starting PJSIP Configuration API...
2025-06-28 01:56:08,176 - apps.endpoints.routes - INFO - PJSIP managers initialized successfully
2025-06-28 01:56:08,176 - main - INFO - PJSIP Configuration API started successfully
2025-06-28 01:57:45,980 - main - INFO - Shutting down PJSIP Configuration API...
2025-06-28 02:00:28,698 - main - INFO - Starting PJSIP Configuration API...
2025-06-28 02:00:28,699 - apps.endpoints.routes - INFO - PJSIP managers initialized successfully
2025-06-28 02:00:28,699 - main - INFO - PJSIP Configuration API started successfully
2025-06-28 02:00:31,734 - main - INFO - Shutting down PJSIP Configuration API...
2025-06-28 02:00:32,019 - main - INFO - Starting PJSIP Configuration API...
2025-06-28 02:00:32,020 - apps.endpoints.routes - INFO - PJSIP managers initialized successfully
2025-06-28 02:00:32,020 - main - INFO - PJSIP Configuration API started successfully
2025-06-28 02:02:11,343 - apps.endpoints.pjsip_manager.config_manager.ConfigManager - INFO - Created backup: local_test/backups/pjsip_backup_20250628_020211.conf
2025-06-28 02:02:11,358 - apps.endpoints.routes - INFO - Created trunk: gamma-2390
2025-06-28 02:02:14,096 - apps.endpoints.pjsip_manager.config_manager.ConfigManager - INFO - Created backup: local_test/backups/pjsip_backup_20250628_020214.conf
2025-06-28 02:02:14,097 - apps.endpoints.routes - INFO - Updated trunk: gamma-2346 -> gamma-2346
2025-06-28 02:02:23,253 - main - INFO - Shutting down PJSIP Configuration API...
2025-06-28 02:12:35,673 - main - INFO - Starting PJSIP Configuration API...
2025-06-28 02:12:35,675 - apps.endpoints.routes - INFO - PJSIP managers initialized successfully
2025-06-28 02:12:35,675 - main - INFO - PJSIP Configuration API started successfully
2025-06-28 02:12:38,554 - apps.endpoints.pjsip_manager.config_manager.ConfigManager - INFO - Created backup: local_test/backups/pjsip_backup_20250628_021238.conf
2025-06-28 02:12:38,566 - apps.endpoints.routes - INFO - Updated trunk: gamma-2346 -> gamma-2346
2025-06-28 02:12:45,074 - main - INFO - Shutting down PJSIP Configuration API...
2025-06-28 02:12:59,052 - main - INFO - Starting PJSIP Configuration API...
2025-06-28 02:12:59,054 - apps.endpoints.routes - INFO - PJSIP managers initialized successfully
2025-06-28 02:12:59,054 - main - INFO - PJSIP Configuration API started successfully
2025-06-28 02:13:39,675 - main - INFO - Shutting down PJSIP Configuration API...
2025-06-28 11:55:59,025 - main - INFO - Starting PJSIP Configuration API...
2025-06-28 11:55:59,027 - apps.endpoints.routes - INFO - PJSIP managers initialized successfully
2025-06-28 11:55:59,027 - main - INFO - PJSIP Configuration API started successfully
2025-06-28 11:56:47,185 - apps.endpoints.pjsip_manager.config_manager.ConfigManager - WARNING - Config file not found: local_test/includes/pjsip.d/gamma-2349.conf
2025-06-28 11:56:47,188 - apps.endpoints.pjsip_manager.config_manager.ConfigManager - INFO - Created backup: local_test/backups/pjsip_backup_20250628_115647.conf
2025-06-28 11:56:47,200 - apps.endpoints.pjsip_manager.config_manager.ConfigManager - INFO - Added include directive for gamma-2349
2025-06-28 11:56:47,202 - apps.endpoints.pjsip_manager.config_manager.ConfigManager - INFO - Removed include directive for gamma-2346
2025-06-28 11:56:47,202 - apps.endpoints.pjsip_manager.config_manager.ConfigManager - INFO - Deleted configuration for endpoint gamma-2346
2025-06-28 11:56:47,202 - apps.endpoints.routes - INFO - Deleted old trunk 'gamma-2346' after changing ID to 'gamma-2349'
2025-06-28 11:56:47,202 - apps.endpoints.routes - INFO - Updated trunk: gamma-2346 -> gamma-2349
2025-06-28 11:58:00,766 - apps.endpoints.pjsip_manager.config_manager.ConfigManager - WARNING - Config file not found: local_test/includes/pjsip.d/gamma-2346.conf
2025-06-28 11:58:05,450 - apps.endpoints.pjsip_manager.config_manager.ConfigManager - INFO - Created backup: local_test/backups/pjsip_backup_20250628_115805.conf
2025-06-28 11:58:05,453 - apps.endpoints.routes - INFO - Updated trunk: gamma-2349 -> gamma-2349
2025-06-28 11:59:38,931 - apps.endpoints.pjsip_manager.config_manager.ConfigManager - WARNING - Config file not found: local_test/includes/pjsip.d/gamma-2341.conf
2025-06-28 11:59:38,934 - apps.endpoints.pjsip_manager.config_manager.ConfigManager - INFO - Created backup: local_test/backups/pjsip_backup_20250628_115938.conf
2025-06-28 11:59:38,937 - apps.endpoints.pjsip_manager.config_manager.ConfigManager - INFO - Added include directive for gamma-2341
2025-06-28 11:59:38,938 - apps.endpoints.pjsip_manager.config_manager.ConfigManager - INFO - Removed include directive for gamma-2349
2025-06-28 11:59:38,938 - apps.endpoints.pjsip_manager.config_manager.ConfigManager - INFO - Deleted configuration for endpoint gamma-2349
2025-06-28 11:59:38,938 - apps.endpoints.routes - INFO - Deleted old trunk 'gamma-2349' after changing ID to 'gamma-2341'
2025-06-28 11:59:38,938 - apps.endpoints.routes - INFO - Updated trunk: gamma-2349 -> gamma-2341
2025-06-28 11:59:55,304 - apps.endpoints.pjsip_manager.config_manager.ConfigManager - WARNING - Config file not found: local_test/includes/pjsip.d/gamma-2349.conf
2025-06-28 12:00:02,669 - apps.endpoints.pjsip_manager.config_manager.ConfigManager - INFO - Created backup: local_test/backups/pjsip_backup_20250628_120002.conf
2025-06-28 12:00:02,671 - apps.endpoints.routes - INFO - Updated trunk: gamma-2341 -> gamma-2341
2025-06-28 12:15:21,255 - main - INFO - Shutting down PJSIP Configuration API...
2025-06-28 12:15:21,656 - main - INFO - Starting PJSIP Configuration API...
2025-06-28 12:15:21,658 - apps.endpoints.routes - INFO - PJSIP managers initialized successfully
2025-06-28 12:15:21,659 - main - INFO - PJSIP Configuration API started successfully
2025-06-28 12:15:21,861 - main - INFO - Shutting down PJSIP Configuration API...
2025-06-28 12:15:22,156 - main - INFO - Starting PJSIP Configuration API...
2025-06-28 12:15:22,157 - apps.endpoints.routes - INFO - PJSIP managers initialized successfully
2025-06-28 12:15:22,157 - main - INFO - PJSIP Configuration API started successfully
2025-06-28 12:15:42,856 - main - INFO - Shutting down PJSIP Configuration API...
2025-06-28 12:15:43,171 - main - INFO - Starting PJSIP Configuration API...
2025-06-28 12:15:43,173 - apps.endpoints.routes - INFO - PJSIP managers initialized successfully
2025-06-28 12:15:43,173 - main - INFO - PJSIP Configuration API started successfully
2025-06-28 12:15:48,222 - main - INFO - Shutting down PJSIP Configuration API...
2025-06-28 12:15:48,542 - main - INFO - Starting PJSIP Configuration API...
2025-06-28 12:15:48,544 - apps.endpoints.routes - INFO - PJSIP managers initialized successfully
2025-06-28 12:15:48,544 - main - INFO - PJSIP Configuration API started successfully
2025-06-28 12:18:26,107 - main - INFO - Shutting down PJSIP Configuration API...
2025-06-28 12:18:26,511 - main - INFO - Starting PJSIP Configuration API...
2025-06-28 12:18:26,513 - apps.endpoints.routes - INFO - PJSIP managers initialized successfully
2025-06-28 12:18:26,513 - main - INFO - PJSIP Configuration API started successfully
2025-06-28 12:18:26,716 - main - INFO - Shutting down PJSIP Configuration API...
2025-06-28 12:18:27,012 - main - INFO - Starting PJSIP Configuration API...
2025-06-28 12:18:27,014 - apps.endpoints.routes - INFO - PJSIP managers initialized successfully
2025-06-28 12:18:27,014 - main - INFO - PJSIP Configuration API started successfully
2025-06-28 12:18:38,633 - main - INFO - Shutting down PJSIP Configuration API...
2025-06-28 12:18:38,939 - main - INFO - Starting PJSIP Configuration API...
2025-06-28 12:18:38,941 - apps.endpoints.routes - INFO - PJSIP managers initialized successfully
2025-06-28 12:18:38,941 - main - INFO - PJSIP Configuration API started successfully
2025-06-28 12:18:39,143 - main - INFO - Shutting down PJSIP Configuration API...
2025-06-28 12:18:39,421 - main - INFO - Starting PJSIP Configuration API...
2025-06-28 12:18:39,423 - apps.endpoints.routes - INFO - PJSIP managers initialized successfully
2025-06-28 12:18:39,423 - main - INFO - PJSIP Configuration API started successfully
2025-06-28 12:18:40,031 - main - INFO - Shutting down PJSIP Configuration API...
2025-06-28 12:18:40,334 - main - INFO - Starting PJSIP Configuration API...
2025-06-28 12:18:40,336 - apps.endpoints.routes - INFO - PJSIP managers initialized successfully
2025-06-28 12:18:40,336 - main - INFO - PJSIP Configuration API started successfully
2025-06-28 12:18:45,493 - main - INFO - Shutting down PJSIP Configuration API...
2025-06-28 12:18:45,793 - main - INFO - Starting PJSIP Configuration API...
2025-06-28 12:18:45,795 - apps.endpoints.routes - INFO - PJSIP managers initialized successfully
2025-06-28 12:18:45,795 - main - INFO - PJSIP Configuration API started successfully
2025-06-28 12:18:46,100 - main - INFO - Shutting down PJSIP Configuration API...
2025-06-28 12:18:46,400 - main - INFO - Starting PJSIP Configuration API...
2025-06-28 12:18:46,401 - apps.endpoints.routes - INFO - PJSIP managers initialized successfully
2025-06-28 12:18:46,401 - main - INFO - PJSIP Configuration API started successfully
2025-06-28 12:18:48,425 - main - INFO - Shutting down PJSIP Configuration API...
2025-06-28 12:18:48,751 - main - INFO - Starting PJSIP Configuration API...
2025-06-28 12:18:48,753 - apps.endpoints.routes - INFO - PJSIP managers initialized successfully
2025-06-28 12:18:48,753 - main - INFO - PJSIP Configuration API started successfully
2025-06-28 12:18:53,097 - main - INFO - Shutting down PJSIP Configuration API...
2025-06-28 12:18:53,397 - main - INFO - Starting PJSIP Configuration API...
2025-06-28 12:18:53,399 - apps.endpoints.routes - INFO - PJSIP managers initialized successfully
2025-06-28 12:18:53,399 - main - INFO - PJSIP Configuration API started successfully
2025-06-28 12:18:53,601 - main - INFO - Shutting down PJSIP Configuration API...
2025-06-28 12:18:53,890 - main - INFO - Starting PJSIP Configuration API...
2025-06-28 12:18:53,892 - apps.endpoints.routes - INFO - PJSIP managers initialized successfully
2025-06-28 12:18:53,892 - main - INFO - PJSIP Configuration API started successfully
2025-06-28 12:18:54,500 - main - INFO - Shutting down PJSIP Configuration API...
2025-06-28 12:18:54,799 - main - INFO - Starting PJSIP Configuration API...
2025-06-28 12:18:54,801 - apps.endpoints.routes - INFO - PJSIP managers initialized successfully
2025-06-28 12:18:54,801 - main - INFO - PJSIP Configuration API started successfully
2025-06-28 12:19:03,194 - main - INFO - Shutting down PJSIP Configuration API...
2025-06-28 12:19:03,500 - main - INFO - Starting PJSIP Configuration API...
2025-06-28 12:19:03,502 - apps.endpoints.routes - INFO - PJSIP managers initialized successfully
2025-06-28 12:19:03,502 - main - INFO - PJSIP Configuration API started successfully
2025-06-28 12:19:05,929 - main - INFO - Shutting down PJSIP Configuration API...
2025-06-28 12:19:06,233 - main - INFO - Starting PJSIP Configuration API...
2025-06-28 12:19:06,235 - apps.endpoints.routes - INFO - PJSIP managers initialized successfully
2025-06-28 12:19:06,235 - main - INFO - PJSIP Configuration API started successfully
2025-06-28 12:19:51,793 - main - INFO - Shutting down PJSIP Configuration API...
2025-06-28 12:19:52,097 - main - INFO - Starting PJSIP Configuration API...
2025-06-28 12:19:52,098 - apps.endpoints.routes - INFO - PJSIP managers initialized successfully
2025-06-28 12:19:52,098 - main - INFO - PJSIP Configuration API started successfully
2025-06-28 12:19:52,707 - main - INFO - Shutting down PJSIP Configuration API...
2025-06-28 12:19:52,995 - main - INFO - Starting PJSIP Configuration API...
2025-06-28 12:19:52,997 - apps.endpoints.routes - INFO - PJSIP managers initialized successfully
2025-06-28 12:19:52,997 - main - INFO - PJSIP Configuration API started successfully
2025-06-28 12:22:49,969 - main - INFO - Shutting down PJSIP Configuration API...
2025-06-28 12:33:19,349 - main - INFO - Starting PJSIP Configuration API...
2025-06-28 12:33:19,352 - apps.endpoints.routes - INFO - PJSIP managers initialized successfully
2025-06-28 12:33:19,352 - main - INFO - PJSIP Configuration API started successfully
2025-06-28 12:33:24,002 - main - INFO - Shutting down PJSIP Configuration API...
2025-06-28 12:33:24,322 - main - INFO - Starting PJSIP Configuration API...
2025-06-28 12:33:24,324 - apps.endpoints.routes - INFO - PJSIP managers initialized successfully
2025-06-28 12:33:24,324 - main - INFO - PJSIP Configuration API started successfully
2025-06-28 12:33:39,522 - apps.endpoints.pjsip_manager.config_manager.ConfigManager - INFO - Created backup: local_test/backups/pjsip_backup_20250628_123339.conf
2025-06-28 12:33:39,536 - apps.endpoints.routes - INFO - Created trunk: gamma-2390
2025-06-28 12:34:50,195 - main - INFO - Shutting down PJSIP Configuration API...
2025-06-28 12:39:09,017 - main - INFO - Starting PJSIP Configuration API...
2025-06-28 12:39:09,020 - apps.endpoints.routes - INFO - PJSIP managers initialized successfully
2025-06-28 12:39:09,020 - main - INFO - PJSIP Configuration API started successfully
2025-06-28 12:39:12,255 - main - INFO - Shutting down PJSIP Configuration API...
2025-06-28 12:39:12,561 - main - INFO - Starting PJSIP Configuration API...
2025-06-28 12:39:12,564 - apps.endpoints.routes - INFO - PJSIP managers initialized successfully
2025-06-28 12:39:12,564 - main - INFO - PJSIP Configuration API started successfully
2025-06-28 12:40:58,242 - main - INFO - Shutting down PJSIP Configuration API...
